Microchip MPLAB XC8 Compiler V2.31

Linker command line:

-W-3 --edf=C:\Program Files\Microchip\xc8\v2.31\pic\dat\en_msgs.txt -cn \
  -h+dist/default/debug\Clock.X.debug.sym \
  --cmf=dist/default/debug\Clock.X.debug.cmf -z -Q18F67K40 \
  -oC:\Users\swern\AppData\Local\Temp\s9lo.2 --defsym=__MPLAB_BUILD=1 \
  -Mdist/default/debug/Clock.X.debug.map -E1 -ver=XC8 Compiler --acfsm=1493 \
  -ASTACK=0E8h-0DE9h -pstack=STACK -ACODE=00h-01FFFFh -ACONST=00h-01FFFFh \
  -ASMALLCONST=0E00h-0EFFhx498 -AMEDIUMCONST=0E00h-0FFFFh,010E00h-01FFFFh \
  -ACOMRAM=01h-05Fh -AABS1=00h-0DE9h -ABIGRAM=01h-0DE9h \
  -ARAM=060h-0FFh,0100h-01FFhx12,0D00h-0DE9h -ABANK0=060h-0FFh \
  -ABANK1=0100h-01FFh -ABANK2=0200h-02FFh -ABANK3=0300h-03FFh \
  -ABANK4=0400h-04FFh -ABANK5=0500h-05FFh -ABANK6=0600h-06FFh \
  -ABANK7=0700h-07FFh -ABANK8=0800h-08FFh -ABANK9=0900h-09FFh \
  -ABANK10=0A00h-0AFFh -ABANK11=0B00h-0BFFh -ABANK12=0C00h-0CFFh \
  -ABANK13=0D00h-0DE9h \
  -ASFR=0DEFh-0DFFh,0E00h-0EFFh,0F00h-0F5Fh,0F60h-0FFFh \
  -ACONFIG=0300000h-030000Bh -AIDLOC=0200000h-020000Fh \
  -AEEDATA=0310000h-03103FFh -peeprom_data=EEDATA \
  -preset_vec=00h,intcode,intcodelo,powerup,init -pramtop=0E00h \
  -psmallconst=SMALLCONST -pmediumconst=MEDIUMCONST -pconst=CONST \
  -AFARRAM=00h-00h \
  -prdata=COMRAM,nvrram=COMRAM,nvbit=COMRAM,rbss=COMRAM,rbit=COMRAM \
  -pfarbss=FARRAM,fardata=FARRAM,nvFARRAM=FARRAM \
  -pintsave_regs=BIGRAM,bigbss=BIGRAM,bigdata=BIGRAM -pbss=RAM \
  -pidata=CODE,irdata=CODE,ibigdata=CODE,ifardata=CODE -prparam=COMRAM \
  C:\Users\swern\AppData\Local\Temp\s9lo.o \
  dist/default/debug\Clock.X.debug.o 

Object code version is 3.11

Machine type is 18F67K40



                Name                               Link     Load   Length Selector   Space Scale
C:\Users\swern\AppData\Local\Temp\s9lo.o
                idloc                            200000   200000       10        0       5
                config                           300000   300000        C        0       4
                init                                  0        0        4        0       0
dist/default/debug\Clock.X.debug.o
                idloc                            200000   200000       10        0       5
                config                           300000   300000        C        0       4
                smallconst                          E00      E00       74      700       0
                text66                             1858     1858       14      73A       0
                text65                             1814     1814       18      73A       0
                text64                             10A8     10A8       B0      73A       0
                text63                             17C6     17C6       1C      73A       0
                text62                             1842     1842       16      73A       0
                text61                             186C     186C       12      73A       0
                text60                             182C     182C       16      73A       0
                text59                             1974     1974        4      73A       0
                text58                             1970     1970        4      73A       0
                text57                             1946     1946        6      73A       0
                text56                             1940     1940        6      73A       0
                text55                             16E2     16E2       26      73A       0
                text54                             196C     196C        4      73A       0
                text53                             193A     193A        6      73A       0
                text52                             1968     1968        4      73A       0
                text51                             1964     1964        4      73A       0
                text50                             172C     172C       22      73A       0
                text49                             1202     1202       84      73A       0
                text48                             17AA     17AA       1C      73A       0
                text47                             16B2     16B2       30      73A       0
                text46                             1960     1960        4      73A       0
                text45                             195C     195C        4      73A       0
                text44                             1958     1958        4      73A       0
                text43                             1682     1682       30      73A       0
                text42                             1652     1652       30      73A       0
                text41                             1622     1622       30      73A       0
                text40                             156E     156E       44      73A       0
                text39                             1954     1954        4      73A       0
                text38                             1978     1978        2      73A       0
                text37                             1934     1934        6      73A       0
                text36                             1950     1950        4      73A       0
                text35                             1926     1926        8      73A       0
                text34                             17FC     17FC       18      73A       0
                text33                             192E     192E        6      73A       0
                text32                             1286     1286       80      73A       0
                text31                             18C4     18C4        E      73A       0
                text30                             18DC     18DC        A      73A       0
                text29                             191E     191E        8      73A       0
                text28                             1916     1916        8      73A       0
                text27                             190E     190E        8      73A       0
                text26                             1906     1906        8      73A       0
                text25                             18B6     18B6        E      73A       0
                text24                             18A8     18A8        E      73A       0
                text23                             18D2     18D2        A      73A       0
                text22                             18FE     18FE        8      73A       0
                text21                             18F6     18F6        8      73A       0
                text20                             18EE     18EE        8      73A       0
                text19                             13F8     13F8       6A      73A       0
                text18                              E74      E74       C2      73A       0
                text17                             1158     1158       AA      73A       0
                text16                             1462     1462       62      73A       0
                text15                             15F0     15F0       32      73A       0
                text14                             1708     1708       24      73A       0
                text13                             17E2     17E2       1A      73A       0
                text12                             151A     151A       54      73A       0
                text11                             18E6     18E6        8      73A       0
                text10                             176E     176E       20      73A       0
                text9                              189A     189A        E      73A       0
                text8                              188C     188C        E      73A       0
                text7                               F36      F36       C0      73A       0
                text6                              178E     178E       1C      73A       0
                text5                               FF6      FF6       B2      73A       0
                text4                              187E     187E        E      73A       0
                text3                              1382     1382       76      73A       0
                text2                              174E     174E       20      73A       0
                text1                              1306     1306       7C      73A       0
                text0                              14C4     14C4       56      73A       0
                cstackCOMRAM                         3F       3F       1B        1       1
                bssBANK0                             60       60       88       60       1
                dataCOMRAM                           5A       5A        4        1       1
                bssCOMRAM                             1        1       3E        1       1
                cinit                              15B2     15B2       3E      73A       0
                idataCOMRAM                        194C     194C        4      73A       0

TOTAL           Name                               Link     Load   Length     Space
        CLASS   STACK          

        CLASS   CODE           
                init                                  0        0        4         0
                text66                             1858     1858       14         0
                text65                             1814     1814       18         0
                text64                             10A8     10A8       B0         0
                text63                             17C6     17C6       1C         0
                text62                             1842     1842       16         0
                text61                             186C     186C       12         0
                text60                             182C     182C       16         0
                text59                             1974     1974        4         0
                text58                             1970     1970        4         0
                text57                             1946     1946        6         0
                text56                             1940     1940        6         0
                text55                             16E2     16E2       26         0
                text54                             196C     196C        4         0
                text53                             193A     193A        6         0
                text52                             1968     1968        4         0
                text51                             1964     1964        4         0
                text50                             172C     172C       22         0
                text49                             1202     1202       84         0
                text48                             17AA     17AA       1C         0
                text47                             16B2     16B2       30         0
                text46                             1960     1960        4         0
                text45                             195C     195C        4         0
                text44                             1958     1958        4         0
                text43                             1682     1682       30         0
                text42                             1652     1652       30         0
                text41                             1622     1622       30         0
                text40                             156E     156E       44         0
                text39                             1954     1954        4         0
                text38                             1978     1978        2         0
                text37                             1934     1934        6         0
                text36                             1950     1950        4         0
                text35                             1926     1926        8         0
                text34                             17FC     17FC       18         0
                text33                             192E     192E        6         0
                text32                             1286     1286       80         0
                text31                             18C4     18C4        E         0
                text30                             18DC     18DC        A         0
                text29                             191E     191E        8         0
                text28                             1916     1916        8         0
                text27                             190E     190E        8         0
                text26                             1906     1906        8         0
                text25                             18B6     18B6        E         0
                text24                             18A8     18A8        E         0
                text23                             18D2     18D2        A         0
                text22                             18FE     18FE        8         0
                text21                             18F6     18F6        8         0
                text20                             18EE     18EE        8         0
                text19                             13F8     13F8       6A         0
                text18                              E74      E74       C2         0
                text17                             1158     1158       AA         0
                text16                             1462     1462       62         0
                text15                             15F0     15F0       32         0
                text14                             1708     1708       24         0
                text13                             17E2     17E2       1A         0
                text12                             151A     151A       54         0
                text11                             18E6     18E6        8         0
                text10                             176E     176E       20         0
                text9                              189A     189A        E         0
                text8                              188C     188C        E         0
                text7                               F36      F36       C0         0
                text6                              178E     178E       1C         0
                text5                               FF6      FF6       B2         0
                text4                              187E     187E        E         0
                text3                              1382     1382       76         0
                text2                              174E     174E       20         0
                text1                              1306     1306       7C         0
                text0                              14C4     14C4       56         0
                cinit                              15B2     15B2       3E         0
                idataCOMRAM                        194C     194C        4         0

        CLASS   CONST          

        CLASS   SMALLCONST     
                smallconst                          E00      E00       74         0

        CLASS   MEDIUMCONST    

        CLASS   COMRAM         
                cstackCOMRAM                         3F       3F       1B         1
                dataCOMRAM                           5A       5A        4         1
                bssCOMRAM                             1        1       3E         1

        CLASS   ABS1           

        CLASS   BIGRAM         

        CLASS   RAM            

        CLASS   BANK0          
                bssBANK0                             60       60       88         1

        CLASS   BANK1          

        CLASS   BANK2          

        CLASS   BANK3          

        CLASS   BANK4          

        CLASS   BANK5          

        CLASS   BANK6          

        CLASS   BANK7          

        CLASS   BANK8          

        CLASS   BANK9          

        CLASS   BANK10         

        CLASS   BANK11         

        CLASS   BANK12         

        CLASS   BANK13         

        CLASS   SFR            

        CLASS   CONFIG         
                config                           300000   300000        C         4

        CLASS   IDLOC          
                idloc                            200000   200000       10         5

        CLASS   EEDATA         

        CLASS   FARRAM         



SEGMENTS        Name                           Load    Length   Top    Selector   Space  Class

                reset_vec                      000000  000004  000004         0       0  CODE    
                bssCOMRAM                      000001  00005D  00005E         1       1  COMRAM  
                bssBANK0                       000060  000088  0000E8        60       1  BANK0   
                smallconst                     000E00  000074  000E74       700       0  SMALLCON
                text18                         000E74  000B06  00197A       73A       0  CODE    


UNUSED ADDRESS RANGES

        Name                Unused          Largest block    Delta
        BANK0            0000E8-0000FF               18
        BANK1            000100-0001FF              100
        BANK10           000A00-000AFF              100
        BANK11           000B00-000BFF              100
        BANK12           000C00-000CFF              100
        BANK13           000D00-000DE9               EA
        BANK2            000200-0002FF              100
        BANK3            000300-0003FF              100
        BANK4            000400-0004FF              100
        BANK5            000500-0005FF              100
        BANK6            000600-0006FF              100
        BANK7            000700-0007FF              100
        BANK8            000800-0008FF              100
        BANK9            000900-0009FF              100
        BIGRAM           00005E-00005F                2
                         0000E8-000DE9              D02
        CODE             000004-000DFF              DFC
                         00197A-01FFFF            1E686
        COMRAM           00005E-00005F                2
        CONST            000004-000DFF              DFC
                         00197A-01FFFF            1E686
        EEDATA           310000-3103FF              400
        MEDIUMCONST      00197A-00FFFF             E686
                         010E00-01FFFF             F200
        RAM              0000E8-000DE9              100
        SFR              000DEF-000FFF              100
        SMALLCONST       00197A-01FFFF              100
        STACK            0000E8-000DE9              D02

                                  Symbol Table

_ANSELA                                     (abs)        000E92
_ANSELB                                     (abs)        000E9A
_ANSELD                                     (abs)        000EA7
_ANSELE                                     (abs)        000EAF
_ANSELF                                     (abs)        000EB4
_ANSELG                                     (abs)        000EBC
_I2C_Initialize                             text66       001858
_INLVLA                                     (abs)        000E8E
_INLVLB                                     (abs)        000E96
_INLVLC                                     (abs)        000E9E
_INLVLD                                     (abs)        000EA3
_INLVLE                                     (abs)        000EAB
_INLVLF                                     (abs)        000EB0
_INLVLG                                     (abs)        000EB8
_INLVLH                                     (abs)        000EBD
_LATA                                       (abs)        000F79
_LATB                                       (abs)        000F7A
_LATC                                       (abs)        000F7B
_LATD                                       (abs)        000F7C
_LATDbits                                   (abs)        000F7C
_LATE                                       (abs)        000F7D
_LATF                                       (abs)        000F7E
_LATG                                       (abs)        000F7F
_LATH                                       (abs)        000F80
_ODCONA                                     (abs)        000E90
_ODCONB                                     (abs)        000E98
_ODCONC                                     (abs)        000EA0
_ODCOND                                     (abs)        000EA5
_ODCONE                                     (abs)        000EAD
_ODCONF                                     (abs)        000EB2
_ODCONG                                     (abs)        000EBA
_ODCONH                                     (abs)        000EBF
_OSCCON1                                    (abs)        000E43
_OSCCON3                                    (abs)        000E45
_OSCEN                                      (abs)        000E47
_OSCFRQ                                     (abs)        000E49
_OSCILLATOR_Initialize                      text65       001814
_OSCTUNE                                    (abs)        000E48
_PIE3bits                                   (abs)        000E2C
_PIN_MANAGER_Initialize                     text64       0010A8
_PIR0bits                                   (abs)        000E33
_PIR3bits                                   (abs)        000E36
_PMD0                                       (abs)        000E4C
_PMD1                                       (abs)        000E4D
_PMD2                                       (abs)        000E4E
_PMD3                                       (abs)        000E4F
_PMD4                                       (abs)        000E50
_PMD5                                       (abs)        000E51
_PMD_Initialize                             text63       0017C6
_SLRCONA                                    (abs)        000E8F
_SLRCONB                                    (abs)        000E97
_SLRCONC                                    (abs)        000E9F
_SLRCOND                                    (abs)        000EA4
_SLRCONE                                    (abs)        000EAC
_SLRCONF                                    (abs)        000EB1
_SLRCONG                                    (abs)        000EB9
_SLRCONH                                    (abs)        000EBE
_SSP1ADD                                    (abs)        000F92
_SSP1BUF                                    (abs)        000F91
_SSP1CON1                                   (abs)        000F95
_SSP1CON1bits                               (abs)        000F95
_SSP1CON2                                   (abs)        000F96
_SSP1CON2bits                               (abs)        000F96
_SSP1MSK                                    (abs)        000F93
_SSP1STAT                                   (abs)        000F94
_SSP1STATbits                               (abs)        000F94
_STATUS                                     (abs)        000FD8
_SYSTEM_Initialize                          text61       00186C
_T0CKIPPS                                   (abs)        000DF4
_T0CON0                                     (abs)        000FD5
_T0CON0bits                                 (abs)        000FD5
_T0CON1                                     (abs)        000FD6
_TMR0H                                      (abs)        000FD4
_TMR0L                                      (abs)        000FD3
_TMR0_HasOverflowOccured                    text60       00182C
_TMR0_Initialize                            text62       001842
_TMR0_StartTimer                            text59       001974
_TMR0_StopTimer                             text58       001970
_TRISA                                      (abs)        000F81
_TRISB                                      (abs)        000F82
_TRISC                                      (abs)        000F83
_TRISD                                      (abs)        000F84
_TRISE                                      (abs)        000F85
_TRISF                                      (abs)        000F86
_TRISG                                      (abs)        000F87
_TRISH                                      (abs)        000F88
_WPUA                                       (abs)        000E91
_WPUB                                       (abs)        000E99
_WPUC                                       (abs)        000EA1
_WPUD                                       (abs)        000EA6
_WPUE                                       (abs)        000EAE
_WPUF                                       (abs)        000EB3
_WPUG                                       (abs)        000EBB
_WPUH                                       (abs)        000EC0
__HRAM                                      (abs)        000000
__Habs1                                     abs1         000000
__Hbank0                                    bank0        000000
__Hbank1                                    bank1        000000
__Hbank10                                   bank10       000000
__Hbank11                                   bank11       000000
__Hbank12                                   bank12       000000
__Hbank13                                   bank13       000000
__Hbank2                                    bank2        000000
__Hbank3                                    bank3        000000
__Hbank4                                    bank4        000000
__Hbank5                                    bank5        000000
__Hbank6                                    bank6        000000
__Hbank7                                    bank7        000000
__Hbank8                                    bank8        000000
__Hbank9                                    bank9        000000
__Hbigbss                                   bigbss       000000
__Hbigdata                                  bigdata      000000
__Hbigram                                   bigram       000000
__Hbss                                      bss          000000
__HbssBANK0                                 bssBANK0     000000
__HbssCOMRAM                                bssCOMRAM    000000
__Hcinit                                    cinit        000000
__Hclrtext                                  clrtext      000000
__Hcomram                                   comram       000000
__Hconfig                                   config       30000C
__Hconst                                    const        000000
__HcstackCOMRAM                             cstackCOMRAM 000000
__Hdata                                     data         000000
__HdataCOMRAM                               dataCOMRAM   000000
__Heeprom_data                              eeprom_data  000000
__Hfarbss                                   farbss       000000
__Hfardata                                  fardata      000000
__Hibigdata                                 ibigdata     000000
__Hidata                                    idata        000000
__HidataCOMRAM                              idataCOMRAM  000000
__Hidloc                                    idloc        200010
__Hifardata                                 ifardata     000000
__Hinit                                     init         000004
__Hintcode                                  intcode      000000
__Hintcode_body                             intcode_body 000000
__Hintcodelo                                intcodelo    000000
__Hintentry                                 intentry     000000
__Hintret                                   intret       000000
__Hintsave_regs                             intsave_regs 000000
__Hirdata                                   irdata       000000
__Hmediumconst                              mediumconst  000000
__HnvFARRAM                                 nvFARRAM     000000
__Hnvbit                                    nvbit        000000
__Hnvrram                                   nvrram       000000
__Hparam                                    rparam       000000
__Hpowerup                                  powerup      000000
__Hram                                      ram          000000
__Hramtop                                   ramtop       000E00
__Hrbit                                     rbit         000000
__Hrbss                                     rbss         000000
__Hrdata                                    rdata        000000
__Hreset_vec                                reset_vec    000000
__Hrparam                                   rparam       000000
__Hsfr                                      sfr          000000
__Hsmallconst                               smallconst   000E74
__Hspace_0                                  (abs)        00197A
__Hspace_1                                  (abs)        0000E8
__Hspace_2                                  (abs)        000000
__Hspace_4                                  (abs)        60000C
__Hstack                                    stack        000000
__Hstruct                                   struct       000000
__Htemp                                     temp         000000
__Htext                                     text         000000
__Htext0                                    text0        000000
__Htext1                                    text1        000000
__Htext10                                   text10       000000
__Htext11                                   text11       000000
__Htext12                                   text12       000000
__Htext13                                   text13       000000
__Htext14                                   text14       000000
__Htext15                                   text15       000000
__Htext16                                   text16       000000
__Htext17                                   text17       000000
__Htext18                                   text18       000000
__Htext19                                   text19       000000
__Htext2                                    text2        000000
__Htext20                                   text20       000000
__Htext21                                   text21       000000
__Htext22                                   text22       000000
__Htext23                                   text23       000000
__Htext24                                   text24       000000
__Htext25                                   text25       000000
__Htext26                                   text26       000000
__Htext27                                   text27       000000
__Htext28                                   text28       000000
__Htext29                                   text29       000000
__Htext3                                    text3        000000
__Htext30                                   text30       000000
__Htext31                                   text31       000000
__Htext32                                   text32       000000
__Htext33                                   text33       000000
__Htext34                                   text34       000000
__Htext35                                   text35       000000
__Htext36                                   text36       000000
__Htext37                                   text37       000000
__Htext38                                   text38       000000
__Htext39                                   text39       000000
__Htext4                                    text4        000000
__Htext40                                   text40       000000
__Htext41                                   text41       000000
__Htext42                                   text42       000000
__Htext43                                   text43       000000
__Htext44                                   text44       000000
__Htext45                                   text45       000000
__Htext46                                   text46       000000
__Htext47                                   text47       000000
__Htext48                                   text48       000000
__Htext49                                   text49       000000
__Htext5                                    text5        000000
__Htext50                                   text50       000000
__Htext51                                   text51       000000
__Htext52                                   text52       000000
__Htext53                                   text53       000000
__Htext54                                   text54       000000
__Htext55                                   text55       000000
__Htext56                                   text56       000000
__Htext57                                   text57       000000
__Htext58                                   text58       000000
__Htext59                                   text59       000000
__Htext6                                    text6        000000
__Htext60                                   text60       000000
__Htext61                                   text61       000000
__Htext62                                   text62       000000
__Htext63                                   text63       000000
__Htext64                                   text64       000000
__Htext65                                   text65       000000
__Htext66                                   text66       000000
__Htext67                                   text67       000000
__Htext7                                    text7        000000
__Htext8                                    text8        000000
__Htext9                                    text9        000000
__LRAM                                      (abs)        000001
__Labs1                                     abs1         000000
__Lbank0                                    bank0        000000
__Lbank1                                    bank1        000000
__Lbank10                                   bank10       000000
__Lbank11                                   bank11       000000
__Lbank12                                   bank12       000000
__Lbank13                                   bank13       000000
__Lbank2                                    bank2        000000
__Lbank3                                    bank3        000000
__Lbank4                                    bank4        000000
__Lbank5                                    bank5        000000
__Lbank6                                    bank6        000000
__Lbank7                                    bank7        000000
__Lbank8                                    bank8        000000
__Lbank9                                    bank9        000000
__Lbigbss                                   bigbss       000000
__Lbigdata                                  bigdata      000000
__Lbigram                                   bigram       000000
__Lbss                                      bss          000000
__LbssBANK0                                 bssBANK0     000000
__LbssCOMRAM                                bssCOMRAM    000000
__Lcinit                                    cinit        000000
__Lclrtext                                  clrtext      000000
__Lcomram                                   comram       000000
__Lconfig                                   config       000000
__Lconst                                    const        000000
__LcstackCOMRAM                             cstackCOMRAM 000000
__Ldata                                     data         000000
__LdataCOMRAM                               dataCOMRAM   000000
__Leeprom_data                              eeprom_data  000000
__Lfarbss                                   farbss       000000
__Lfardata                                  fardata      000000
__Libigdata                                 ibigdata     000000
__Lidata                                    idata        000000
__LidataCOMRAM                              idataCOMRAM  000000
__Lidloc                                    idloc        000000
__Lifardata                                 ifardata     000000
__Linit                                     init         000000
__Lintcode                                  intcode      000000
__Lintcode_body                             intcode_body 000000
__Lintcodelo                                intcodelo    000000
__Lintentry                                 intentry     000000
__Lintret                                   intret       000000
__Lintsave_regs                             intsave_regs 000000
__Lirdata                                   irdata       000000
__Lmediumconst                              mediumconst  000000
__LnvFARRAM                                 nvFARRAM     000000
__Lnvbit                                    nvbit        000000
__Lnvrram                                   nvrram       000000
__Lparam                                    rparam       000000
__Lpowerup                                  powerup      000000
__Lram                                      ram          000000
__Lramtop                                   ramtop       000E00
__Lrbit                                     rbit         000000
__Lrbss                                     rbss         000000
__Lrdata                                    rdata        000000
__Lreset_vec                                reset_vec    000000
__Lrparam                                   rparam       000000
__Lsfr                                      sfr          000000
__Lsmallconst                               smallconst   000E00
__Lspace_0                                  (abs)        000000
__Lspace_1                                  (abs)        000000
__Lspace_2                                  (abs)        000000
__Lspace_4                                  (abs)        000000
__Lstack                                    stack        000000
__Lstruct                                   struct       000000
__Ltemp                                     temp         000000
__Ltext                                     text         000000
__Ltext0                                    text0        000000
__Ltext1                                    text1        000000
__Ltext10                                   text10       000000
__Ltext11                                   text11       000000
__Ltext12                                   text12       000000
__Ltext13                                   text13       000000
__Ltext14                                   text14       000000
__Ltext15                                   text15       000000
__Ltext16                                   text16       000000
__Ltext17                                   text17       000000
__Ltext18                                   text18       000000
__Ltext19                                   text19       000000
__Ltext2                                    text2        000000
__Ltext20                                   text20       000000
__Ltext21                                   text21       000000
__Ltext22                                   text22       000000
__Ltext23                                   text23       000000
__Ltext24                                   text24       000000
__Ltext25                                   text25       000000
__Ltext26                                   text26       000000
__Ltext27                                   text27       000000
__Ltext28                                   text28       000000
__Ltext29                                   text29       000000
__Ltext3                                    text3        000000
__Ltext30                                   text30       000000
__Ltext31                                   text31       000000
__Ltext32                                   text32       000000
__Ltext33                                   text33       000000
__Ltext34                                   text34       000000
__Ltext35                                   text35       000000
__Ltext36                                   text36       000000
__Ltext37                                   text37       000000
__Ltext38                                   text38       000000
__Ltext39                                   text39       000000
__Ltext4                                    text4        000000
__Ltext40                                   text40       000000
__Ltext41                                   text41       000000
__Ltext42                                   text42       000000
__Ltext43                                   text43       000000
__Ltext44                                   text44       000000
__Ltext45                                   text45       000000
__Ltext46                                   text46       000000
__Ltext47                                   text47       000000
__Ltext48                                   text48       000000
__Ltext49                                   text49       000000
__Ltext5                                    text5        000000
__Ltext50                                   text50       000000
__Ltext51                                   text51       000000
__Ltext52                                   text52       000000
__Ltext53                                   text53       000000
__Ltext54                                   text54       000000
__Ltext55                                   text55       000000
__Ltext56                                   text56       000000
__Ltext57                                   text57       000000
__Ltext58                                   text58       000000
__Ltext59                                   text59       000000
__Ltext6                                    text6        000000
__Ltext60                                   text60       000000
__Ltext61                                   text61       000000
__Ltext62                                   text62       000000
__Ltext63                                   text63       000000
__Ltext64                                   text64       000000
__Ltext65                                   text65       000000
__Ltext66                                   text66       000000
__Ltext67                                   text67       000000
__Ltext7                                    text7        000000
__Ltext8                                    text8        000000
__Ltext9                                    text9        000000
__S0                                        (abs)        00197A
__S1                                        (abs)        0000E8
__S2                                        (abs)        000000
__S4                                        (abs)        000000
__S5                                        (abs)        000000
___daylight                                 bssCOMRAM    00003B
___gmt                                      smallconst   000E6D
___inthi_sp                                 stack        000000
___intlo_sp                                 stack        000000
___month_to_secs@secs_through_month         smallconst   000E01
___param_bank                               (abs)        000000
___rparam_used                              (abs)        000001
___secs_to_tm@days_in_month                 smallconst   000E61
___sp                                       stack        000000
___timezone                                 bssBANK0     000084
___tzname                                   bssBANK0     000080
__accesstop                                 (abs)        000060
__activetblptr                              (abs)        000003
__end_of_I2C_Initialize                     text66       00186C
__end_of_OSCILLATOR_Initialize              text65       00182C
__end_of_PIN_MANAGER_Initialize             text64       001158
__end_of_PMD_Initialize                     text63       0017E2
__end_of_SYSTEM_Initialize                  text61       00187E
__end_of_TMR0_HasOverflowOccured            text60       001842
__end_of_TMR0_Initialize                    text62       001858
__end_of_TMR0_StartTimer                    text59       001978
__end_of_TMR0_StopTimer                     text58       001974
__end_of___gmt                              smallconst   000E71
__end_of___month_to_secs@secs_through_month smallconst   000E31
__end_of___secs_to_tm@days_in_month         smallconst   000E6D
__end_of__initialization                    cinit        0015EA
__end_of_do_I2C_DO_ACK                      text22       001906
__end_of_do_I2C_DO_ADDRESS_NACK             text19       001462
__end_of_do_I2C_DO_NACK_RESTART             text20       0018F6
__end_of_do_I2C_DO_NACK_STOP                text21       0018FE
__end_of_do_I2C_IDLE                        text30       0018E6
__end_of_do_I2C_RCEN                        text23       0018DC
__end_of_do_I2C_RESET                       text31       0018D2
__end_of_do_I2C_RX                          text17       001202
__end_of_do_I2C_SEND_ADR_READ               text25       0018C4
__end_of_do_I2C_SEND_ADR_WRITE              text24       0018B6
__end_of_do_I2C_SEND_RESTART                text27       001916
__end_of_do_I2C_SEND_RESTART_READ           text29       001926
__end_of_do_I2C_SEND_RESTART_WRITE          text28       00191E
__end_of_do_I2C_SEND_STOP                   text26       00190E
__end_of_do_I2C_TX                          text18       000F36
__end_of_do_I2C_TX_EMPTY                    text32       001306
__end_of_fsmStateTable                      smallconst   000E61
__end_of_i2c1_driver_TXData                 text35       00192E
__end_of_i2c1_driver_getRXData              text36       001954
__end_of_i2c1_driver_isNACK                 text34       001814
__end_of_i2c1_driver_open                   text10       00178E
__end_of_i2c1_driver_resetBus               text38       00197A
__end_of_i2c1_driver_restart                text52       00196C
__end_of_i2c1_driver_sendACK                text53       001940
__end_of_i2c1_driver_sendNACK               text37       00193A
__end_of_i2c1_driver_setBusCollisionISR     text9        0018A8
__end_of_i2c1_driver_setI2cISR              text8        00189A
__end_of_i2c1_driver_start                  text54       001970
__end_of_i2c1_driver_startRX                text39       001958
__end_of_i2c1_driver_stop                   text51       001968
__end_of_i2c_ISR                            text16       0014C4
__end_of_i2c_close                          text55       001708
__end_of_i2c_masterOperation                text12       00156E
__end_of_i2c_masterWrite                    text11       0018EE
__end_of_i2c_open                           text7        000FF6
__end_of_i2c_poller                         text14       00172C
__end_of_i2c_read1ByteRegister              text5        0010A8
__end_of_i2c_restartWrite                   text46       001964
__end_of_i2c_setAddressNACKCallback         text6        0017AA
__end_of_i2c_setBuffer                      text50       00174E
__end_of_i2c_setDataCompleteCallback        text48       0017C6
__end_of_i2c_write1ByteRegister             text3        0013F8
__end_of_main                               text0        00151A
__end_of_mssp1_IRQisEnabled                 text13       0017FC
__end_of_mssp1_clearIRQ                     text57       00194C
__end_of_mssp1_disableIRQ                   text56       001946
__end_of_mssp1_setIRQ                       text33       001934
__end_of_mssp1_waitForEvent                 text15       001622
__end_of_rd1RegCompleteHandler              text42       001682
__end_of_rd2RegCompleteHandler              text41       001652
__end_of_rdBlkRegCompleteHandler            text40       0015B2
__end_of_returnReset                        text44       00195C
__end_of_returnStop                         text45       001960
__end_of_rtc6_Initialize                    text1        001382
__end_of_rtcc_read                          text4        00188C
__end_of_rtcc_write                         text2        00176E
__end_of_setCallBack                        text49       001286
__end_of_wr1RegCompleteHandler              text43       0016B2
__end_of_wr2RegCompleteHandler              text47       0016E2
__initialization                            cinit        0015B2
__mediumconst                               mediumconst  000000
__pbssBANK0                                 bssBANK0     000060
__pbssCOMRAM                                bssCOMRAM    000001
__pcinit                                    cinit        0015B2
__pcstackCOMRAM                             cstackCOMRAM 00003F
__pdataCOMRAM                               dataCOMRAM   00005A
__pidataCOMRAM                              idataCOMRAM  00194C
__psmallconst                               smallconst   000E00
__ptext0                                    text0        0014C4
__ptext1                                    text1        001306
__ptext10                                   text10       00176E
__ptext11                                   text11       0018E6
__ptext12                                   text12       00151A
__ptext13                                   text13       0017E2
__ptext14                                   text14       001708
__ptext15                                   text15       0015F0
__ptext16                                   text16       001462
__ptext17                                   text17       001158
__ptext18                                   text18       000E74
__ptext19                                   text19       0013F8
__ptext2                                    text2        00174E
__ptext20                                   text20       0018EE
__ptext21                                   text21       0018F6
__ptext22                                   text22       0018FE
__ptext23                                   text23       0018D2
__ptext24                                   text24       0018A8
__ptext25                                   text25       0018B6
__ptext26                                   text26       001906
__ptext27                                   text27       00190E
__ptext28                                   text28       001916
__ptext29                                   text29       00191E
__ptext3                                    text3        001382
__ptext30                                   text30       0018DC
__ptext31                                   text31       0018C4
__ptext32                                   text32       001286
__ptext33                                   text33       00192E
__ptext34                                   text34       0017FC
__ptext35                                   text35       001926
__ptext36                                   text36       001950
__ptext37                                   text37       001934
__ptext38                                   text38       001978
__ptext39                                   text39       001954
__ptext4                                    text4        00187E
__ptext40                                   text40       00156E
__ptext41                                   text41       001622
__ptext42                                   text42       001652
__ptext43                                   text43       001682
__ptext44                                   text44       001958
__ptext45                                   text45       00195C
__ptext46                                   text46       001960
__ptext47                                   text47       0016B2
__ptext48                                   text48       0017AA
__ptext49                                   text49       001202
__ptext5                                    text5        000FF6
__ptext50                                   text50       00172C
__ptext51                                   text51       001964
__ptext52                                   text52       001968
__ptext53                                   text53       00193A
__ptext54                                   text54       00196C
__ptext55                                   text55       0016E2
__ptext56                                   text56       001940
__ptext57                                   text57       001946
__ptext58                                   text58       001970
__ptext59                                   text59       001974
__ptext6                                    text6        00178E
__ptext60                                   text60       00182C
__ptext61                                   text61       00186C
__ptext62                                   text62       001842
__ptext63                                   text63       0017C6
__ptext64                                   text64       0010A8
__ptext65                                   text65       001814
__ptext66                                   text66       001858
__ptext67                                   text67       000000
__ptext7                                    text7        000F36
__ptext8                                    text8        00188C
__ptext9                                    text9        00189A
__ramtop                                    ramtop       000E00
__size_of_I2C_Initialize                    (abs)        000000
__size_of_OSCILLATOR_Initialize             (abs)        000000
__size_of_PIN_MANAGER_Initialize            (abs)        000000
__size_of_PMD_Initialize                    (abs)        000000
__size_of_SYSTEM_Initialize                 (abs)        000000
__size_of_TMR0_HasOverflowOccured           (abs)        000000
__size_of_TMR0_Initialize                   (abs)        000000
__size_of_TMR0_StartTimer                   (abs)        000000
__size_of_TMR0_StopTimer                    (abs)        000000
__size_of_do_I2C_DO_ACK                     (abs)        000000
__size_of_do_I2C_DO_ADDRESS_NACK            (abs)        000000
__size_of_do_I2C_DO_NACK_RESTART            (abs)        000000
__size_of_do_I2C_DO_NACK_STOP               (abs)        000000
__size_of_do_I2C_IDLE                       (abs)        000000
__size_of_do_I2C_RCEN                       (abs)        000000
__size_of_do_I2C_RESET                      (abs)        000000
__size_of_do_I2C_RX                         (abs)        000000
__size_of_do_I2C_SEND_ADR_READ              (abs)        000000
__size_of_do_I2C_SEND_ADR_WRITE             (abs)        000000
__size_of_do_I2C_SEND_RESTART               (abs)        000000
__size_of_do_I2C_SEND_RESTART_READ          (abs)        000000
__size_of_do_I2C_SEND_RESTART_WRITE         (abs)        000000
__size_of_do_I2C_SEND_STOP                  (abs)        000000
__size_of_do_I2C_TX                         (abs)        000000
__size_of_do_I2C_TX_EMPTY                   (abs)        000000
__size_of_i2c1_driver_TXData                (abs)        000000
__size_of_i2c1_driver_getRXData             (abs)        000000
__size_of_i2c1_driver_isNACK                (abs)        000000
__size_of_i2c1_driver_open                  (abs)        000000
__size_of_i2c1_driver_resetBus              (abs)        000000
__size_of_i2c1_driver_restart               (abs)        000000
__size_of_i2c1_driver_sendACK               (abs)        000000
__size_of_i2c1_driver_sendNACK              (abs)        000000
__size_of_i2c1_driver_setBusCollisionISR    (abs)        000000
__size_of_i2c1_driver_setI2cISR             (abs)        000000
__size_of_i2c1_driver_start                 (abs)        000000
__size_of_i2c1_driver_startRX               (abs)        000000
__size_of_i2c1_driver_stop                  (abs)        000000
__size_of_i2c_ISR                           (abs)        000000
__size_of_i2c_close                         (abs)        000000
__size_of_i2c_masterOperation               (abs)        000000
__size_of_i2c_masterWrite                   (abs)        000000
__size_of_i2c_open                          (abs)        000000
__size_of_i2c_poller                        (abs)        000000
__size_of_i2c_read1ByteRegister             (abs)        000000
__size_of_i2c_restartWrite                  (abs)        000000
__size_of_i2c_setAddressNACKCallback        (abs)        000000
__size_of_i2c_setBuffer                     (abs)        000000
__size_of_i2c_setDataCompleteCallback       (abs)        000000
__size_of_i2c_write1ByteRegister            (abs)        000000
__size_of_main                              (abs)        000000
__size_of_mssp1_IRQisEnabled                (abs)        000000
__size_of_mssp1_clearIRQ                    (abs)        000000
__size_of_mssp1_disableIRQ                  (abs)        000000
__size_of_mssp1_setIRQ                      (abs)        000000
__size_of_mssp1_waitForEvent                (abs)        000000
__size_of_rd1RegCompleteHandler             (abs)        000000
__size_of_rd2RegCompleteHandler             (abs)        000000
__size_of_rdBlkRegCompleteHandler           (abs)        000000
__size_of_returnReset                       (abs)        000000
__size_of_returnStop                        (abs)        000000
__size_of_rtc6_Initialize                   (abs)        000000
__size_of_rtcc_read                         (abs)        000000
__size_of_rtcc_write                        (abs)        000000
__size_of_setCallBack                       (abs)        000000
__size_of_wr1RegCompleteHandler             (abs)        000000
__size_of_wr2RegCompleteHandler             (abs)        000000
__smallconst                                smallconst   000E00
_dateTime                                   bssBANK0     000060
_daylight                                   bssCOMRAM    000039
_do_I2C_DO_ACK                              text22       0018FE
_do_I2C_DO_ADDRESS_NACK                     text19       0013F8
_do_I2C_DO_NACK_RESTART                     text20       0018EE
_do_I2C_DO_NACK_STOP                        text21       0018F6
_do_I2C_IDLE                                text30       0018DC
_do_I2C_RCEN                                text23       0018D2
_do_I2C_RESET                               text31       0018C4
_do_I2C_RX                                  text17       001158
_do_I2C_SEND_ADR_READ                       text25       0018B6
_do_I2C_SEND_ADR_WRITE                      text24       0018A8
_do_I2C_SEND_RESTART                        text27       00190E
_do_I2C_SEND_RESTART_READ                   text29       00191E
_do_I2C_SEND_RESTART_WRITE                  text28       001916
_do_I2C_SEND_STOP                           text26       001906
_do_I2C_TX                                  text18       000E74
_do_I2C_TX_EMPTY                            text32       001286
_dst_name                                   bssBANK0     0000DA
_dst_off                                    bssBANK0     000078
_errno                                      bssCOMRAM    00003D
_fsmStateTable                              smallconst   000E31
_i2c1_driver_TXData                         text35       001926
_i2c1_driver_busCollisionISR                bssBANK0     00008B
_i2c1_driver_getRXData                      text36       001950
_i2c1_driver_i2cISR                         bssBANK0     000088
_i2c1_driver_isNACK                         text34       0017FC
_i2c1_driver_open                           text10       00176E
_i2c1_driver_resetBus                       text38       001978
_i2c1_driver_restart                        text52       001968
_i2c1_driver_sendACK                        text53       00193A
_i2c1_driver_sendNACK                       text37       001934
_i2c1_driver_setBusCollisionISR             text9        00189A
_i2c1_driver_setI2cISR                      text8        00188C
_i2c1_driver_start                          text54       00196C
_i2c1_driver_startRX                        text39       001954
_i2c1_driver_stop                           text51       001964
_i2c_ISR                                    text16       001462
_i2c_busCollisionISR                        (abs)        000000
_i2c_close                                  text55       0016E2
_i2c_masterOperation                        text12       00151A
_i2c_masterWrite                            text11       0018E6
_i2c_open                                   text7        000F36
_i2c_poller                                 text14       001708
_i2c_read1ByteRegister                      text5        000FF6
_i2c_restartWrite                           text46       001960
_i2c_setAddressNACKCallback                 text6        00178E
_i2c_setBuffer                              text50       00172C
_i2c_setDataCompleteCallback                text48       0017AA
_i2c_status                                 bssCOMRAM    000001
_i2c_write1ByteRegister                     text3        001382
_lock                                       bssBANK0     000074
_main                                       text0        0014C4
_mssp1_IRQisEnabled                         text13       0017E2
_mssp1_clearIRQ                             text57       001946
_mssp1_disableIRQ                           text56       001940
_mssp1_setIRQ                               text33       00192E
_mssp1_waitForEvent                         text15       0015F0
_r0                                         bssBANK0     0000D0
_r1                                         bssBANK0     0000C6
_rd1RegCompleteHandler                      text42       001652
_rd2RegCompleteHandler                      text41       001622
_rdBlkRegCompleteHandler                    text40       00156E
_returnReset                                text44       001958
_returnStop                                 text45       00195C
_rtc6_Initialize                            text1        001306
_rtcc_read                                  text4        00187E
_rtcc_write                                 text2        00174E
_setCallBack                                text49       001202
_std_name                                   bssBANK0     0000E1
_timezone                                   bssBANK0     00007C
_tzname                                     bssBANK0     00006E
_wr1RegCompleteHandler                      text43       001682
_wr2RegCompleteHandler                      text47       0016B2
end_of_initialization                       cinit        0015EA
i2c1_driver_TXData@d                        cstackCOMRAM 00003F
i2c1_driver_setBusCollisionISR@handler      cstackCOMRAM 00003F
i2c1_driver_setI2cISR@handler               cstackCOMRAM 00003F
i2c_close@ret                               cstackCOMRAM 00003F
i2c_masterOperation@read                    cstackCOMRAM 00004E
i2c_masterOperation@ret                     cstackCOMRAM 00004F
i2c_open@address                            cstackCOMRAM 000042
i2c_open@ret                                cstackCOMRAM 000043
i2c_read1ByteRegister@address               cstackCOMRAM 000051
i2c_read1ByteRegister@d2                    cstackCOMRAM 000055
i2c_read1ByteRegister@e                     cstackCOMRAM 000052
i2c_read1ByteRegister@reg                   cstackCOMRAM 000050
i2c_read1ByteRegister@x                     cstackCOMRAM 000053
i2c_setAddressNACKCallback@cb               cstackCOMRAM 000045
i2c_setAddressNACKCallback@p                cstackCOMRAM 000048
i2c_setBuffer@buffer                        cstackCOMRAM 00003F
i2c_setBuffer@bufferSize                    cstackCOMRAM 000041
i2c_setDataCompleteCallback@cb              cstackCOMRAM 000045
i2c_setDataCompleteCallback@p               cstackCOMRAM 000048
i2c_write1ByteRegister@address              cstackCOMRAM 000052
i2c_write1ByteRegister@data                 cstackCOMRAM 000051
i2c_write1ByteRegister@reg                  cstackCOMRAM 000050
intlevel0                                   text         000000
intlevel1                                   text         000000
intlevel2                                   text         000000
intlevel3                                   text         000000
localtime@tm                                bssBANK0     0000AE
mssp1_waitForEvent@timeout                  cstackCOMRAM 00003F
rd1RegCompleteHandler@p                     cstackCOMRAM 00004A
rd2RegCompleteHandler@p                     cstackCOMRAM 00004A
rdBlkRegCompleteHandler@p                   cstackCOMRAM 00004A
rtc6_Initialize@reg                         cstackCOMRAM 000058
rtcc_read@addr                              cstackCOMRAM 000056
rtcc_write@addr                             cstackCOMRAM 000055
rtcc_write@data                             cstackCOMRAM 000053
setCallBack@cb                              cstackCOMRAM 00003F
setCallBack@idx                             cstackCOMRAM 000044
setCallBack@p                               cstackCOMRAM 000042
stackhi                                     (abs)        000DE9
stacklo                                     (abs)        0000E8
start                                       init         000000
start_initialization                        cinit        0015B2
wr1RegCompleteHandler@p                     cstackCOMRAM 00004A
wr2RegCompleteHandler@p                     cstackCOMRAM 00004A


FUNCTION INFORMATION:

 *************** function _main *****************
 Defined at:
		line 10 in file "main.c"
 Parameters:    Size  Location     Type
		None
 Auto vars:     Size  Location     Type
		None
 Return value:  Size  Location     Type
                  1    wreg      void 
 Registers used:
		wreg, fsr2l, fsr2h, status,2, status,0, pclath, tosl, tblptrl, tblptrh, tblptru, prodl, prodh, cstack
 Tracked objects:
		On entry : 
		On exit  : 
		Unchanged: 
 Data sizes:     COMRAM   BANK0   BANK1   BANK2   BANK3   BANK4   BANK5   BANK6   BANK7   BANK8   BANK9  BANK10  BANK11  BANK12  BANK13
      Params:         0       0       0       0       0       0       0       0       0       0       0       0       0       0       0
      Locals:         0       0       0       0       0       0       0       0       0       0       0       0       0       0       0
      Temps:          1       0       0       0       0       0       0       0       0       0       0       0       0       0       0
      Totals:         1       0       0       0       0       0       0       0       0       0       0       0       0       0       0
Total ram usage:        1 bytes
 Hardware stack levels required when called:   11
 This function calls:
		_I2C_Initialize
		_SYSTEM_Initialize
		_TMR0_HasOverflowOccured
		_TMR0_StartTimer
		_TMR0_StopTimer
		_rtc6_Initialize
 This function is called by:
		Startup code after reset
 This function uses a non-reentrant model


 *************** function _rtc6_Initialize *****************
 Defined at:
		line 27 in file "RTC.c"
 Parameters:    Size  Location     Type
		None
 Auto vars:     Size  Location     Type
  reg             1   25[COMRAM] unsigned char 
 Return value:  Size  Location     Type
                  1    wreg      void 
 Registers used:
		wreg, fsr2l, fsr2h, status,2, status,0, pclath, tosl, tblptrl, tblptrh, tblptru, prodl, prodh, cstack
 Tracked objects:
		On entry : 
		On exit  : 
		Unchanged: 
 Data sizes:     COMRAM   BANK0   BANK1   BANK2   BANK3   BANK4   BANK5   BANK6   BANK7   BANK8   BANK9  BANK10  BANK11  BANK12  BANK13
      Params:         0       0       0       0       0       0       0       0       0       0       0       0       0       0       0
      Locals:         1       0       0       0       0       0       0       0       0       0       0       0       0       0       0
      Temps:          1       0       0       0       0       0       0       0       0       0       0       0       0       0       0
      Totals:         2       0       0       0       0       0       0       0       0       0       0       0       0       0       0
Total ram usage:        2 bytes
 Hardware stack levels used:    1
 Hardware stack levels required when called:   10
 This function calls:
		_rtcc_read
		_rtcc_write
 This function is called by:
		_main
 This function uses a non-reentrant model


 *************** function _rtcc_write *****************
 Defined at:
		line 22 in file "RTC.c"
 Parameters:    Size  Location     Type
  addr            1    wreg     unsigned char 
  data            1   20[COMRAM] unsigned char 
 Auto vars:     Size  Location     Type
  addr            1   22[COMRAM] unsigned char 
 Return value:  Size  Location     Type
                  1    wreg      void 
 Registers used:
		wreg, fsr2l, fsr2h, status,2, status,0, pclath, tosl, tblptrl, tblptrh, tblptru, prodl, prodh, cstack
 Tracked objects:
		On entry : 
		On exit  : 
		Unchanged: 
 Data sizes:     COMRAM   BANK0   BANK1   BANK2   BANK3   BANK4   BANK5   BANK6   BANK7   BANK8   BANK9  BANK10  BANK11  BANK12  BANK13
      Params:         1       0       0       0       0       0       0       0       0       0       0       0       0       0       0
      Locals:         1       0       0       0       0       0       0       0       0       0       0       0       0       0       0
      Temps:          1       0       0       0       0       0       0       0       0       0       0       0       0       0       0
      Totals:         3       0       0       0       0       0       0       0       0       0       0       0       0       0       0
Total ram usage:        3 bytes
 Hardware stack levels used:    1
 Hardware stack levels required when called:    9
 This function calls:
		_i2c_write1ByteRegister
 This function is called by:
		_rtc6_Initialize
		_rtc6_EnableAlarms
		_rtc6_SetComponent
		_rtc6_SetAlarm0
		_rtc6_ClearAlarm0
		_rtc6_SetAlarm1
		_rtc6_ClearAlarm1
 This function uses a non-reentrant model


 *************** function _i2c_write1ByteRegister *****************
 Defined at:
		line 12 in file "I2C_Simple_Master.c"
 Parameters:    Size  Location     Type
  address         1    wreg     unsigned char 
  reg             1   17[COMRAM] unsigned char 
  data            1   18[COMRAM] unsigned char 
 Auto vars:     Size  Location     Type
  address         1   19[COMRAM] unsigned char 
 Return value:  Size  Location     Type
                  1    wreg      void 
 Registers used:
		wreg, fsr2l, fsr2h, status,2, status,0, pclath, tosl, tblptrl, tblptrh, tblptru, prodl, prodh, cstack
 Tracked objects:
		On entry : 
		On exit  : 
		Unchanged: 
 Data sizes:     COMRAM   BANK0   BANK1   BANK2   BANK3   BANK4   BANK5   BANK6   BANK7   BANK8   BANK9  BANK10  BANK11  BANK12  BANK13
      Params:         2       0       0       0       0       0       0       0       0       0       0       0       0       0       0
      Locals:         1       0       0       0       0       0       0       0       0       0       0       0       0       0       0
      Temps:          0       0       0       0       0       0       0       0       0       0       0       0       0       0       0
      Totals:         3       0       0       0       0       0       0       0       0       0       0       0       0       0       0
Total ram usage:        3 bytes
 Hardware stack levels used:    1
 Hardware stack levels required when called:    8
 This function calls:
		_i2c_close
		_i2c_masterWrite
		_i2c_open
		_i2c_setAddressNACKCallback
		_i2c_setBuffer
		_i2c_setDataCompleteCallback
 This function is called by:
		_rtcc_write
		_rtc6_EEPRWriteLatchEnable
		_rtc6_EEPRWriteLatchDisable
		_rtc6_WriteByteEEPROM
 This function uses a non-reentrant model


 *************** function _rtcc_read *****************
 Defined at:
		line 18 in file "RTC.c"
 Parameters:    Size  Location     Type
  addr            1    wreg     unsigned char 
 Auto vars:     Size  Location     Type
  addr            1   23[COMRAM] unsigned char 
 Return value:  Size  Location     Type
                  1    wreg      unsigned char 
 Registers used:
		wreg, fsr2l, fsr2h, status,2, status,0, pclath, tosl, tblptrl, tblptrh, tblptru, prodl, prodh, cstack
 Tracked objects:
		On entry : 
		On exit  : 
		Unchanged: 
 Data sizes:     COMRAM   BANK0   BANK1   BANK2   BANK3   BANK4   BANK5   BANK6   BANK7   BANK8   BANK9  BANK10  BANK11  BANK12  BANK13
      Params:         0       0       0       0       0       0       0       0       0       0       0       0       0       0       0
      Locals:         1       0       0       0       0       0       0       0       0       0       0       0       0       0       0
      Temps:          0       0       0       0       0       0       0       0       0       0       0       0       0       0       0
      Totals:         1       0       0       0       0       0       0       0       0       0       0       0       0       0       0
Total ram usage:        1 bytes
 Hardware stack levels used:    1
 Hardware stack levels required when called:    9
 This function calls:
		_i2c_read1ByteRegister
 This function is called by:
		_rtc6_Initialize
		_rtc6_EnableAlarms
		_rtc6_SetComponent
		_rtc6_GetComponent
		_rtc6_ClearAlarm0
		_rtc6_ClearAlarm1
 This function uses a non-reentrant model


 *************** function _i2c_read1ByteRegister *****************
 Defined at:
		line 39 in file "I2C_Simple_Master.c"
 Parameters:    Size  Location     Type
  address         1    wreg     unsigned char 
  reg             1   17[COMRAM] unsigned char 
 Auto vars:     Size  Location     Type
  address         1   18[COMRAM] unsigned char 
  x               2   20[COMRAM] int 
  d2              1   22[COMRAM] unsigned char 
  e               1   19[COMRAM] enum E14569
 Return value:  Size  Location     Type
                  1    wreg      unsigned char 
 Registers used:
		wreg, fsr2l, fsr2h, status,2, status,0, pclath, tosl, tblptrl, tblptrh, tblptru, prodl, prodh, cstack
 Tracked objects:
		On entry : 
		On exit  : 
		Unchanged: 
 Data sizes:     COMRAM   BANK0   BANK1   BANK2   BANK3   BANK4   BANK5   BANK6   BANK7   BANK8   BANK9  BANK10  BANK11  BANK12  BANK13
      Params:         1       0       0       0       0       0       0       0       0       0       0       0       0       0       0
      Locals:         5       0       0       0       0       0       0       0       0       0       0       0       0       0       0
      Temps:          0       0       0       0       0       0       0       0       0       0       0       0       0       0       0
      Totals:         6       0       0       0       0       0       0       0       0       0       0       0       0       0       0
Total ram usage:        6 bytes
 Hardware stack levels used:    1
 Hardware stack levels required when called:    8
 This function calls:
		_i2c_close
		_i2c_masterWrite
		_i2c_open
		_i2c_setAddressNACKCallback
		_i2c_setBuffer
		_i2c_setDataCompleteCallback
 This function is called by:
		_rtcc_read
		_rtc6_EEPRReadStatusRegister
		_rtc6_ReadByteEEPROM
 This function uses a non-reentrant model


 *************** function _i2c_setAddressNACKCallback *****************
 Defined at:
		line 34 in file "I2C_Master.c"
 Parameters:    Size  Location     Type
  cb              3    6[COMRAM] PTR FTN(PTR void ,)enum 
		 -> i2c_restartWrite(1), 
  p               2    9[COMRAM] PTR void 
		 -> NULL(0), 
 Auto vars:     Size  Location     Type
		None
 Return value:  Size  Location     Type
                  1    wreg      void 
 Registers used:
		wreg, fsr2l, fsr2h, status,2, status,0, prodl, prodh, cstack
 Tracked objects:
		On entry : 
		On exit  : 
		Unchanged: 
 Data sizes:     COMRAM   BANK0   BANK1   BANK2   BANK3   BANK4   BANK5   BANK6   BANK7   BANK8   BANK9  BANK10  BANK11  BANK12  BANK13
      Params:         5       0       0       0       0       0       0       0       0       0       0       0       0       0       0
      Locals:         0       0       0       0       0       0       0       0       0       0       0       0       0       0       0
      Temps:          0       0       0       0       0       0       0       0       0       0       0       0       0       0       0
      Totals:         5       0       0       0       0       0       0       0       0       0       0       0       0       0       0
Total ram usage:        5 bytes
 Hardware stack levels used:    1
 Hardware stack levels required when called:    1
 This function calls:
		_setCallBack
 This function is called by:
		_i2c_write1ByteRegister
		_i2c_read1ByteRegister
		_i2c_writeNBytes
		_i2c_read2ByteRegister
		_i2c_write2ByteRegister
		_i2c_readDataBlock
 This function uses a non-reentrant model


 *************** function _i2c_open *****************
 Defined at:
		line 51 in file "I2C_Master.c"
 Parameters:    Size  Location     Type
  address         1    wreg     unsigned char 
 Auto vars:     Size  Location     Type
  address         1    3[COMRAM] unsigned char 
  ret             1    4[COMRAM] enum E14569
 Return value:  Size  Location     Type
                  1    wreg      enum E14569
 Registers used:
		wreg, status,2, status,0, cstack
 Tracked objects:
		On entry : 
		On exit  : 
		Unchanged: 
 Data sizes:     COMRAM   BANK0   BANK1   BANK2   BANK3   BANK4   BANK5   BANK6   BANK7   BANK8   BANK9  BANK10  BANK11  BANK12  BANK13
      Params:         0       0       0       0       0       0       0       0       0       0       0       0       0       0       0
      Locals:         2       0       0       0       0       0       0       0       0       0       0       0       0       0       0
      Temps:          0       0       0       0       0       0       0       0       0       0       0       0       0       0       0
      Totals:         2       0       0       0       0       0       0       0       0       0       0       0       0       0       0
Total ram usage:        2 bytes
 Hardware stack levels used:    1
 Hardware stack levels required when called:    1
 This function calls:
		_i2c1_driver_open
		_i2c1_driver_setBusCollisionISR
		_i2c1_driver_setI2cISR
		_mssp1_clearIRQ
 This function is called by:
		_i2c_write1ByteRegister
		_i2c_read1ByteRegister
		_i2c_writeNBytes
		_i2c_read2ByteRegister
		_i2c_write2ByteRegister
		_i2c_readDataBlock
		_i2c_readNBytes
 This function uses a non-reentrant model


 *************** function _i2c1_driver_setI2cISR *****************
 Defined at:
		line 240 in file "I2C1_Driver.c"
 Parameters:    Size  Location     Type
  handler         3    0[COMRAM] PTR FTN()void 
		 -> i2c_ISR(1), 
 Auto vars:     Size  Location     Type
		None
 Return value:  Size  Location     Type
                  1    wreg      void 
 Registers used:
		wreg, status,2, status,0
 Tracked objects:
		On entry : 
		On exit  : 
		Unchanged: 
 Data sizes:     COMRAM   BANK0   BANK1   BANK2   BANK3   BANK4   BANK5   BANK6   BANK7   BANK8   BANK9  BANK10  BANK11  BANK12  BANK13
      Params:         3       0       0       0       0       0       0       0       0       0       0       0       0       0       0
      Locals:         0       0       0       0       0       0       0       0       0       0       0       0       0       0       0
      Temps:          0       0       0       0       0       0       0       0       0       0       0       0       0       0       0
      Totals:         3       0       0       0       0       0       0       0       0       0       0       0       0       0       0
Total ram usage:        3 bytes
 Hardware stack levels used:    1
 This function calls:
		Nothing
 This function is called by:
		_i2c_open
 This function uses a non-reentrant model


 *************** function _i2c1_driver_setBusCollisionISR *****************
 Defined at:
		line 236 in file "I2C1_Driver.c"
 Parameters:    Size  Location     Type
  handler         3    0[COMRAM] PTR FTN()void 
		 -> i2c_busCollisionISR(1), 
 Auto vars:     Size  Location     Type
		None
 Return value:  Size  Location     Type
                  1    wreg      void 
 Registers used:
		wreg, status,2, status,0
 Tracked objects:
		On entry : 
		On exit  : 
		Unchanged: 
 Data sizes:     COMRAM   BANK0   BANK1   BANK2   BANK3   BANK4   BANK5   BANK6   BANK7   BANK8   BANK9  BANK10  BANK11  BANK12  BANK13
[...]
Total ram usage:        0 bytes
 Hardware stack levels used:    1
 This function calls:
		Nothing
 This function is called by:
		_i2c_masterOperation
 This function uses a non-reentrant model


 *************** function _i2c_close *****************
 Defined at:
		line 97 in file "I2C_Master.c"
 Parameters:    Size  Location     Type
		None
 Auto vars:     Size  Location     Type
  ret             1    0[COMRAM] enum E14569
 Return value:  Size  Location     Type
                  1    wreg      enum E14569
 Registers used:
		wreg, status,2, cstack
 Tracked objects:
		On entry : 
		On exit  : 
		Unchanged: 
 Data sizes:     COMRAM   BANK0   BANK1   BANK2   BANK3   BANK4   BANK5   BANK6   BANK7   BANK8   BANK9  BANK10  BANK11  BANK12  BANK13
      Params:         0       0       0       0       0       0       0       0       0       0       0       0       0       0       0
      Locals:         1       0       0       0       0       0       0       0       0       0       0       0       0       0       0
      Temps:          0       0       0       0       0       0       0       0       0       0       0       0       0       0       0
      Totals:         1       0       0       0       0       0       0       0       0       0       0       0       0       0       0
Total ram usage:        1 bytes
 Hardware stack levels used:    1
 Hardware stack levels required when called:    1
 This function calls:
		_mssp1_clearIRQ
		_mssp1_disableIRQ
 This function is called by:
		_i2c_write1ByteRegister
		_i2c_read1ByteRegister
		_i2c_writeNBytes
		_i2c_read2ByteRegister
		_i2c_write2ByteRegister
		_i2c_readDataBlock
		_i2c_readNBytes
 This function uses a non-reentrant model


 *************** function _mssp1_disableIRQ *****************
 Defined at:
		line 26 in file "I2C1_Driver.c"
 Parameters:    Size  Location     Type
		None
 Auto vars:     Size  Location     Type
		None
 Return value:  Size  Location     Type
                  1    wreg      void 
 Registers used:
		None
 Tracked objects:
		On entry : 
		On exit  : 
		Unchanged: 
 Data sizes:     COMRAM   BANK0   BANK1   BANK2   BANK3   BANK4   BANK5   BANK6   BANK7   BANK8   BANK9  BANK10  BANK11  BANK12  BANK13
      Params:         0       0       0       0       0       0       0       0       0       0       0       0       0       0       0
      Locals:         0       0       0       0       0       0       0       0       0       0       0       0       0       0       0
      Temps:          0       0       0       0       0       0       0       0       0       0       0       0       0       0       0
      Totals:         0       0       0       0       0       0       0       0       0       0       0       0       0       0       0
Total ram usage:        0 bytes
 Hardware stack levels used:    1
 This function calls:
		Nothing
 This function is called by:
		_i2c_close
		_i2c_setTimeOut
 This function uses a non-reentrant model


 *************** function _mssp1_clearIRQ *****************
 Defined at:
		line 31 in file "I2C1_Driver.c"
 Parameters:    Size  Location     Type
		None
 Auto vars:     Size  Location     Type
		None
 Return value:  Size  Location     Type
                  1    wreg      void 
 Registers used:
		None
 Tracked objects:
		On entry : 
		On exit  : 
		Unchanged: 
 Data sizes:     COMRAM   BANK0   BANK1   BANK2   BANK3   BANK4   BANK5   BANK6   BANK7   BANK8   BANK9  BANK10  BANK11  BANK12  BANK13
      Params:         0       0       0       0       0       0       0       0       0       0       0       0       0       0       0
      Locals:         0       0       0       0       0       0       0       0       0       0       0       0       0       0       0
      Temps:          0       0       0       0       0       0       0       0       0       0       0       0       0       0       0
      Totals:         0       0       0       0       0       0       0       0       0       0       0       0       0       0       0
Total ram usage:        0 bytes
 Hardware stack levels used:    1
 This function calls:
		Nothing
 This function is called by:
		_i2c_open
		_i2c_close
		_i2c_ISR
 This function uses a non-reentrant model


 *************** function _TMR0_StopTimer *****************
 Defined at:
		line 86 in file "mcc_generated_files/tmr0.c"
 Parameters:    Size  Location     Type
		None
 Auto vars:     Size  Location     Type
		None
 Return value:  Size  Location     Type
                  1    wreg      void 
 Registers used:
		None
 Tracked objects:
		On entry : 
		On exit  : 
		Unchanged: 
 Data sizes:     COMRAM   BANK0   BANK1   BANK2   BANK3   BANK4   BANK5   BANK6   BANK7   BANK8   BANK9  BANK10  BANK11  BANK12  BANK13
      Params:         0       0       0       0       0       0       0       0       0       0       0       0       0       0       0
      Locals:         0       0       0       0       0       0       0       0       0       0       0       0       0       0       0
      Temps:          0       0       0       0       0       0       0       0       0       0       0       0       0       0       0
      Totals:         0       0       0       0       0       0       0       0       0       0       0       0       0       0       0
Total ram usage:        0 bytes
 Hardware stack levels used:    1
 This function calls:
		Nothing
 This function is called by:
		_main
 This function uses a non-reentrant model


 *************** function _TMR0_StartTimer *****************
 Defined at:
		line 80 in file "mcc_generated_files/tmr0.c"
 Parameters:    Size  Location     Type
		None
 Auto vars:     Size  Location     Type
		None
 Return value:  Size  Location     Type
                  1    wreg      void 
 Registers used:
		None
 Tracked objects:
		On entry : 
		On exit  : 
		Unchanged: 
 Data sizes:     COMRAM   BANK0   BANK1   BANK2   BANK3   BANK4   BANK5   BANK6   BANK7   BANK8   BANK9  BANK10  BANK11  BANK12  BANK13
      Params:         0       0       0       0       0       0       0       0       0       0       0       0       0       0       0
      Locals:         0       0       0       0       0       0       0       0       0       0       0       0       0       0       0
      Temps:          0       0       0       0       0       0       0       0       0       0       0       0       0       0       0
      Totals:         0       0       0       0       0       0       0       0       0       0       0       0       0       0       0
Total ram usage:        0 bytes
 Hardware stack levels used:    1
 This function calls:
		Nothing
 This function is called by:
		_main
 This function uses a non-reentrant model


 *************** function _TMR0_HasOverflowOccured *****************
 Defined at:
		line 114 in file "mcc_generated_files/tmr0.c"
 Parameters:    Size  Location     Type
		None
 Auto vars:     Size  Location     Type
		None
 Return value:  Size  Location     Type
                  1    wreg      _Bool 
 Registers used:
		wreg
 Tracked objects:
		On entry : 
		On exit  : 
		Unchanged: 
 Data sizes:     COMRAM   BANK0   BANK1   BANK2   BANK3   BANK4   BANK5   BANK6   BANK7   BANK8   BANK9  BANK10  BANK11  BANK12  BANK13
      Params:         0       0       0       0       0       0       0       0       0       0       0       0       0       0       0
      Locals:         0       0       0       0       0       0       0       0       0       0       0       0       0       0       0
      Temps:          0       0       0       0       0       0       0       0       0       0       0       0       0       0       0
      Totals:         0       0       0       0       0       0       0       0       0       0       0       0       0       0       0
Total ram usage:        0 bytes
 Hardware stack levels used:    1
 This function calls:
		Nothing
 This function is called by:
		_main
 This function uses a non-reentrant model


 *************** function _SYSTEM_Initialize *****************
 Defined at:
		line 50 in file "mcc_generated_files/mcc.c"
 Parameters:    Size  Location     Type
		None
 Auto vars:     Size  Location     Type
		None
 Return value:  Size  Location     Type
                  1    wreg      void 
 Registers used:
		wreg, status,2, cstack
 Tracked objects:
		On entry : 
		On exit  : 
		Unchanged: 
 Data sizes:     COMRAM   BANK0   BANK1   BANK2   BANK3   BANK4   BANK5   BANK6   BANK7   BANK8   BANK9  BANK10  BANK11  BANK12  BANK13
      Params:         0       0       0       0       0       0       0       0       0       0       0       0       0       0       0
      Locals:         0       0       0       0       0       0       0       0       0       0       0       0       0       0       0
      Temps:          0       0       0       0       0       0       0       0       0       0       0       0       0       0       0
      Totals:         0       0       0       0       0       0       0       0       0       0       0       0       0       0       0
Total ram usage:        0 bytes
 Hardware stack levels used:    1
 Hardware stack levels required when called:    1
 This function calls:
		_OSCILLATOR_Initialize
		_PIN_MANAGER_Initialize
		_PMD_Initialize
		_TMR0_Initialize
 This function is called by:
		_main
 This function uses a non-reentrant model


 *************** function _TMR0_Initialize *****************
 Defined at:
		line 60 in file "mcc_generated_files/tmr0.c"
 Parameters:    Size  Location     Type
		None
 Auto vars:     Size  Location     Type
		None
 Return value:  Size  Location     Type
                  1    wreg      void 
 Registers used:
		wreg, status,2
 Tracked objects:
		On entry : 
		On exit  : 
		Unchanged: 
 Data sizes:     COMRAM   BANK0   BANK1   BANK2   BANK3   BANK4   BANK5   BANK6   BANK7   BANK8   BANK9  BANK10  BANK11  BANK12  BANK13
      Params:         0       0       0       0       0       0       0       0       0       0       0       0       0       0       0
      Locals:         0       0       0       0       0       0       0       0       0       0       0       0       0       0       0
      Temps:          0       0       0       0       0       0       0       0       0       0       0       0       0       0       0
      Totals:         0       0       0       0       0       0       0       0       0       0       0       0       0       0       0
Total ram usage:        0 bytes
 Hardware stack levels used:    1
 This function calls:
		Nothing
 This function is called by:
		_SYSTEM_Initialize
 This function uses a non-reentrant model


 *************** function _PMD_Initialize *****************
 Defined at:
		line 72 in file "mcc_generated_files/mcc.c"
 Parameters:    Size  Location     Type
		None
 Auto vars:     Size  Location     Type
		None
 Return value:  Size  Location     Type
                  1    wreg      void 
 Registers used:
		wreg, status,2
 Tracked objects:
		On entry : 
		On exit  : 
		Unchanged: 
 Data sizes:     COMRAM   BANK0   BANK1   BANK2   BANK3   BANK4   BANK5   BANK6   BANK7   BANK8   BANK9  BANK10  BANK11  BANK12  BANK13
      Params:         0       0       0       0       0       0       0       0       0       0       0       0       0       0       0
      Locals:         0       0       0       0       0       0       0       0       0       0       0       0       0       0       0
      Temps:          0       0       0       0       0       0       0       0       0       0       0       0       0       0       0
      Totals:         0       0       0       0       0       0       0       0       0       0       0       0       0       0       0
Total ram usage:        0 bytes
 Hardware stack levels used:    1
 This function calls:
		Nothing
 This function is called by:
		_SYSTEM_Initialize
 This function uses a non-reentrant model


 *************** function _PIN_MANAGER_Initialize *****************
 Defined at:
		line 55 in file "mcc_generated_files/pin_manager.c"
 Parameters:    Size  Location     Type
		None
 Auto vars:     Size  Location     Type
		None
 Return value:  Size  Location     Type
                  1    wreg      void 
 Registers used:
		wreg, status,2
 Tracked objects:
		On entry : 
		On exit  : 
		Unchanged: 
 Data sizes:     COMRAM   BANK0   BANK1   BANK2   BANK3   BANK4   BANK5   BANK6   BANK7   BANK8   BANK9  BANK10  BANK11  BANK12  BANK13
      Params:         0       0       0       0       0       0       0       0       0       0       0       0       0       0       0
      Locals:         0       0       0       0       0       0       0       0       0       0       0       0       0       0       0
      Temps:          0       0       0       0       0       0       0       0       0       0       0       0       0       0       0
      Totals:         0       0       0       0       0       0       0       0       0       0       0       0       0       0       0
Total ram usage:        0 bytes
 Hardware stack levels used:    1
 This function calls:
		Nothing
 This function is called by:
		_SYSTEM_Initialize
 This function uses a non-reentrant model


 *************** function _OSCILLATOR_Initialize *****************
 Defined at:
		line 58 in file "mcc_generated_files/mcc.c"
 Parameters:    Size  Location     Type
		None
 Auto vars:     Size  Location     Type
		None
 Return value:  Size  Location     Type
                  1    wreg      void 
 Registers used:
		wreg, status,2
 Tracked objects:
		On entry : 
		On exit  : 
		Unchanged: 
 Data sizes:     COMRAM   BANK0   BANK1   BANK2   BANK3   BANK4   BANK5   BANK6   BANK7   BANK8   BANK9  BANK10  BANK11  BANK12  BANK13
      Params:         0       0       0       0       0       0       0       0       0       0       0       0       0       0       0
      Locals:         0       0       0       0       0       0       0       0       0       0       0       0       0       0       0
      Temps:          0       0       0       0       0       0       0       0       0       0       0       0       0       0       0
      Totals:         0       0       0       0       0       0       0       0       0       0       0       0       0       0       0
Total ram usage:        0 bytes
 Hardware stack levels used:    1
 This function calls:
		Nothing
 This function is called by:
		_SYSTEM_Initialize
 This function uses a non-reentrant model


 *************** function _I2C_Initialize *****************
 Defined at:
		line 15 in file "I2C_Master.c"
 Parameters:    Size  Location     Type
		None
 Auto vars:     Size  Location     Type
		None
 Return value:  Size  Location     Type
                  1    wreg      void 
 Registers used:
		wreg, status,2
 Tracked objects:
		On entry : 
		On exit  : 
		Unchanged: 
 Data sizes:     COMRAM   BANK0   BANK1   BANK2   BANK3   BANK4   BANK5   BANK6   BANK7   BANK8   BANK9  BANK10  BANK11  BANK12  BANK13
      Params:         0       0       0       0       0       0       0       0       0       0       0       0       0       0       0
      Locals:         0       0       0       0       0       0       0       0       0       0       0       0       0       0       0
      Temps:          0       0       0       0       0       0       0       0       0       0       0       0       0       0       0
      Totals:         0       0       0       0       0       0       0       0       0       0       0       0       0       0       0
Total ram usage:        0 bytes
 Hardware stack levels used:    1
 This function calls:
		Nothing
 This function is called by:
		_main
 This function uses a non-reentrant model



MODULE INFORMATION

Module		Function		Class		Link	Load	Size
I2C_Master.c
		_i2c_setDataCompleteCallback		CODE           	17AA	0000	28
		_returnStop    		CODE           	195C	0000	4
		_i2c_setBuffer 		CODE           	172C	0000	34
		_i2c_ISR       		CODE           	1462	0000	98
		_i2c_close     		CODE           	16E2	0000	38
		_i2c_masterOperation		CODE           	151A	0000	84
		_do_I2C_TX_EMPTY		CODE           	1286	0000	128
		_setCallBack   		CODE           	1202	0000	132
		_returnReset   		CODE           	1958	0000	4
		_do_I2C_SEND_RESTART_WRITE		CODE           	1916	0000	8
		_i2c_poller    		CODE           	1708	0000	36
		_i2c_masterWrite		CODE           	18E6	0000	8
		_do_I2C_DO_NACK_RESTART		CODE           	18EE	0000	8
		_do_I2C_SEND_RESTART_READ		CODE           	191E	0000	8
		_i2c_setAddressNACKCallback		CODE           	178E	0000	28
		_do_I2C_SEND_ADR_WRITE		CODE           	18A8	0000	14
		_do_I2C_SEND_STOP		CODE           	1906	0000	8
		_i2c_open      		CODE           	0F36	0000	192
		_do_I2C_SEND_ADR_READ		CODE           	18B6	0000	14
		_do_I2C_DO_NACK_STOP		CODE           	18F6	0000	8
		_do_I2C_SEND_RESTART		CODE           	190E	0000	8
		_I2C_Initialize		CODE           	1858	0000	20
		_do_I2C_RX     		CODE           	1158	0000	170
		_do_I2C_TX     		CODE           	0E74	0000	194
		_do_I2C_IDLE   		CODE           	18DC	0000	10
		_do_I2C_RCEN   		CODE           	18D2	0000	10
		_do_I2C_DO_ADDRESS_NACK		CODE           	13F8	0000	106
		_do_I2C_RESET  		CODE           	18C4	0000	14
		_do_I2C_DO_ACK 		CODE           	18FE	0000	8

I2C_Master.c estimated size: 1422

mcc_generated_files/tmr0.c
		_TMR0_StopTimer		CODE           	1970	0000	4
		_TMR0_StartTimer		CODE           	1974	0000	4
		_TMR0_HasOverflowOccured		CODE           	182C	0000	22
		_TMR0_Initialize		CODE           	1842	0000	22

mcc_generated_files/tmr0.c estimated size: 52

mcc_generated_files/pin_manager.c
		_PIN_MANAGER_Initialize		CODE           	10A8	0000	176

mcc_generated_files/pin_manager.c estimated size: 176

I2C_Simple_Master.c
		_wr1RegCompleteHandler		CODE           	1682	0000	48
		_wr2RegCompleteHandler		CODE           	16B2	0000	48
		_i2c_write1ByteRegister		CODE           	1382	0000	118
		_rdBlkRegCompleteHandler		CODE           	156E	0000	68
		_i2c_read1ByteRegister		CODE           	0FF6	0000	178
		_rd1RegCompleteHandler		CODE           	1652	0000	48
		_rd2RegCompleteHandler		CODE           	1622	0000	48

I2C_Simple_Master.c estimated size: 556

I2C1_Driver.c
		_mssp1_waitForEvent		CODE           	15F0	0000	50
		_i2c1_driver_open		CODE           	176E	0000	32
		_mssp1_disableIRQ		CODE           	1940	0000	6
		_i2c1_driver_isNACK		CODE           	17FC	0000	24
		_i2c1_driver_stop		CODE           	1964	0000	4
		_i2c1_driver_getRXData		CODE           	1950	0000	4
		_i2c1_driver_TXData		CODE           	1926	0000	8
		_i2c1_driver_setBusCollisionISR		CODE           	189A	0000	14
		_i2c1_driver_start		CODE           	196C	0000	4
		_i2c1_driver_sendACK		CODE           	193A	0000	6
		_mssp1_setIRQ  		CODE           	192E	0000	6
		_i2c1_driver_sendNACK		CODE           	1934	0000	6
		_i2c1_driver_restart		CODE           	1968	0000	4
		_i2c1_driver_resetBus		CODE           	1978	0000	2
		_mssp1_clearIRQ		CODE           	1946	0000	6
		_i2c1_driver_startRX		CODE           	1954	0000	4
		_i2c1_driver_setI2cISR		CODE           	188C	0000	14
		_mssp1_IRQisEnabled		CODE           	17E2	0000	26

I2C1_Driver.c estimated size: 220

shared
		___secs_to_tm@days_in_month		SMALLCONST     	0E61	0000	12
		__initialization		CODE           	15B2	0000	56
		___month_to_secs@secs_through_month		SMALLCONST     	0E01	0000	48
		_fsmStateTable 		SMALLCONST     	0E31	0000	48
		___gmt         		SMALLCONST     	0E6D	0000	4

shared estimated size: 168

I2C_Types.c
		_i2c_restartWrite		CODE           	1960	0000	4

I2C_Types.c estimated size: 4

mcc_generated_files/mcc.c
		_PMD_Initialize		CODE           	17C6	0000	28
		_OSCILLATOR_Initialize		CODE           	1814	0000	24
		_SYSTEM_Initialize		CODE           	186C	0000	18

mcc_generated_files/mcc.c estimated size: 70

main.c
		_main          		CODE           	14C4	0000	86

main.c estimated size: 86

RTC.c
		_rtcc_write    		CODE           	174E	0000	32
		_rtc6_Initialize		CODE           	1306	0000	124
		_rtcc_read     		CODE           	187E	0000	14

RTC.c estimated size: 170

