Microchip MPLAB XC8 Compiler V2.31

Linker command line:

-W-3 --edf=C:\Program Files\Microchip\xc8\v2.31\pic\dat\en_msgs.txt -cn \
  -h+dist/default/debug\Clock.X.debug.sym \
  --cmf=dist/default/debug\Clock.X.debug.cmf -z -Q18F67K40 \
  -oC:\Users\swern\AppData\Local\Temp\sj3g.2 --defsym=__MPLAB_BUILD=1 \
  -Mdist/default/debug/Clock.X.debug.map -E1 -ver=XC8 Compiler --acfsm=1493 \
  -ASTACK=0CEh-0DE9h -pstack=STACK -ACODE=00h-01FFFFh -ACONST=00h-01FFFFh \
  -ASMALLCONST=0E00h-0EFFhx498 -AMEDIUMCONST=0E00h-0FFFFh,010E00h-01FFFFh \
  -ACOMRAM=01h-05Fh -AABS1=00h-0DE9h -ABIGRAM=01h-0DE9h \
  -ARAM=060h-0FFh,0100h-01FFhx12,0D00h-0DE9h -ABANK0=060h-0FFh \
  -ABANK1=0100h-01FFh -ABANK2=0200h-02FFh -ABANK3=0300h-03FFh \
  -ABANK4=0400h-04FFh -ABANK5=0500h-05FFh -ABANK6=0600h-06FFh \
  -ABANK7=0700h-07FFh -ABANK8=0800h-08FFh -ABANK9=0900h-09FFh \
  -ABANK10=0A00h-0AFFh -ABANK11=0B00h-0BFFh -ABANK12=0C00h-0CFFh \
  -ABANK13=0D00h-0DE9h \
  -ASFR=0DEFh-0DFFh,0E00h-0EFFh,0F00h-0F5Fh,0F60h-0FFFh \
  -ACONFIG=0300000h-030000Bh -AIDLOC=0200000h-020000Fh \
  -AEEDATA=0310000h-03103FFh -peeprom_data=EEDATA \
  -preset_vec=00h,intcode,intcodelo,powerup,init -pramtop=0E00h \
  -psmallconst=SMALLCONST -pmediumconst=MEDIUMCONST -pconst=CONST \
  -AFARRAM=00h-00h \
  -prdata=COMRAM,nvrram=COMRAM,nvbit=COMRAM,rbss=COMRAM,rbit=COMRAM \
  -pfarbss=FARRAM,fardata=FARRAM,nvFARRAM=FARRAM \
  -pintsave_regs=BIGRAM,bigbss=BIGRAM,bigdata=BIGRAM -pbss=RAM \
  -pidata=CODE,irdata=CODE,ibigdata=CODE,ifardata=CODE -prparam=COMRAM \
  C:\Users\swern\AppData\Local\Temp\sj3g.o \
  dist/default/debug\Clock.X.debug.o 

Object code version is 3.11

Machine type is 18F67K40



                Name                               Link     Load   Length Selector   Space Scale
C:\Users\swern\AppData\Local\Temp\sj3g.o
                idloc                            200000   200000       10        0       5
                config                           300000   300000        C        0       4
                init                                  0        0        4        0       0
dist/default/debug\Clock.X.debug.o
                idloc                            200000   200000       10        0       5
                config                           300000   300000        C        0       4
                smallconst                          E00      E00       74      700       0
                text13                             1220     1220       14      73A       0
                text12                             11C6     11C6       18      73A       0
                text11                             120A     120A       16      73A       0
                text10                              E74      E74       F8      73A       0
                text9                              1028     1028       9E      73A       0
                text8                              11AE     11AE       18      73A       0
                text7                               F6C      F6C       BC      73A       0
                text6                              1192     1192       1C      73A       0
                text5                              11F4     11F4       16      73A       0
                text4                              1234     1234       12      73A       0
                text3                              11DE     11DE       16      73A       0
                text2                              124E     124E        4      73A       0
                text1                              124A     124A        4      73A       0
                text0                              10C6     10C6       8E      73A       0
                cstackCOMRAM                         53       53        5        1       1
                bssBANK0                             60       60       6E       60       1
                dataCOMRAM                           58       58        4        1       1
                bssCOMRAM                             1        1       52        1       1
                cinit                              1154     1154       3E      73A       0
                idataCOMRAM                        1246     1246        4      73A       0

TOTAL           Name                               Link     Load   Length     Space
        CLASS   STACK          

        CLASS   CODE           
                init                                  0        0        4         0
                text13                             1220     1220       14         0
                text12                             11C6     11C6       18         0
                text11                             120A     120A       16         0
                text10                              E74      E74       F8         0
                text9                              1028     1028       9E         0
                text8                              11AE     11AE       18         0
                text7                               F6C      F6C       BC         0
                text6                              1192     1192       1C         0
                text5                              11F4     11F4       16         0
                text4                              1234     1234       12         0
                text3                              11DE     11DE       16         0
                text2                              124E     124E        4         0
                text1                              124A     124A        4         0
                text0                              10C6     10C6       8E         0
                cinit                              1154     1154       3E         0
                idataCOMRAM                        1246     1246        4         0

        CLASS   CONST          

        CLASS   SMALLCONST     
                smallconst                          E00      E00       74         0

        CLASS   MEDIUMCONST    

        CLASS   COMRAM         
                cstackCOMRAM                         53       53        5         1
                dataCOMRAM                           58       58        4         1
                bssCOMRAM                             1        1       52         1

        CLASS   ABS1           

        CLASS   BIGRAM         

        CLASS   RAM            

        CLASS   BANK0          
                bssBANK0                             60       60       6E         1

        CLASS   BANK1          

        CLASS   BANK2          

        CLASS   BANK3          

        CLASS   BANK4          

        CLASS   BANK5          

        CLASS   BANK6          

        CLASS   BANK7          

        CLASS   BANK8          

        CLASS   BANK9          

        CLASS   BANK10         

        CLASS   BANK11         

        CLASS   BANK12         

        CLASS   BANK13         

        CLASS   SFR            

        CLASS   CONFIG         
                config                           300000   300000        C         4

        CLASS   IDLOC          
                idloc                            200000   200000       10         5

        CLASS   EEDATA         

        CLASS   FARRAM         



SEGMENTS        Name                           Load    Length   Top    Selector   Space  Class

                reset_vec                      000000  000004  000004         0       0  CODE    
                bssCOMRAM                      000001  00005B  00005C         1       1  COMRAM  
                bssBANK0                       000060  00006E  0000CE        60       1  BANK0   
                smallconst                     000E00  000074  000E74       700       0  SMALLCON
                text10                         000E74  0003DE  001252       73A       0  CODE    


UNUSED ADDRESS RANGES

        Name                Unused          Largest block    Delta
        BANK0            0000CE-0000FF               32
        BANK1            000100-0001FF              100
        BANK10           000A00-000AFF              100
        BANK11           000B00-000BFF              100
        BANK12           000C00-000CFF              100
        BANK13           000D00-000DE9               EA
        BANK2            000200-0002FF              100
        BANK3            000300-0003FF              100
        BANK4            000400-0004FF              100
        BANK5            000500-0005FF              100
        BANK6            000600-0006FF              100
        BANK7            000700-0007FF              100
        BANK8            000800-0008FF              100
        BANK9            000900-0009FF              100
        BIGRAM           00005C-00005F                4
                         0000CE-000DE9              D1C
        CODE             000004-000DFF              DFC
                         001252-01FFFF            1EDAE
        COMRAM           00005C-00005F                4
        CONST            000004-000DFF              DFC
                         001252-01FFFF            1EDAE
        EEDATA           310000-3103FF              400
        MEDIUMCONST      001252-00FFFF             EDAE
                         010E00-01FFFF             F200
        RAM              0000CE-000DE9              100
        SFR              000DEF-000FFF              100
        SMALLCONST       001252-01FFFF              100
        STACK            0000CE-000DE9              D1C

                                  Symbol Table

I2C_Read@address                                  cstackCOMRAM 000055
I2C_Read@data                                     cstackCOMRAM 000054
I2C_Read@reg                                      cstackCOMRAM 000053
I2C_Write@address                                 cstackCOMRAM 000056
I2C_Write@data                                    cstackCOMRAM 000054
I2C_Write@reg                                     cstackCOMRAM 000053
_ANSELA                                           (abs)        000E92
_ANSELB                                           (abs)        000E9A
_ANSELD                                           (abs)        000EA7
_ANSELE                                           (abs)        000EAF
_ANSELF                                           (abs)        000EB4
_ANSELG                                           (abs)        000EBC
_I2C1_CallbackReturnReset                         (abs)        000000
_I2C1_CallbackReturnStop                          (abs)        000000
_I2C1_DO_ADDRESS_NACK                             (abs)        000000
_I2C1_DO_IDLE                                     (abs)        000000
_I2C1_DO_RCEN                                     (abs)        000000
_I2C1_DO_RESET                                    (abs)        000000
_I2C1_DO_RX                                       (abs)        000000
_I2C1_DO_RX_ACK                                   (abs)        000000
_I2C1_DO_RX_NACK_RESTART                          (abs)        000000
_I2C1_DO_RX_NACK_STOP                             (abs)        000000
_I2C1_DO_SEND_ADR_READ                            (abs)        000000
_I2C1_DO_SEND_ADR_WRITE                           (abs)        000000
_I2C1_DO_SEND_RESTART                             (abs)        000000
_I2C1_DO_SEND_RESTART_READ                        (abs)        000000
_I2C1_DO_SEND_RESTART_WRITE                       (abs)        000000
_I2C1_DO_SEND_STOP                                (abs)        000000
_I2C1_DO_TX                                       (abs)        000000
_I2C1_DO_TX_EMPTY                                 (abs)        000000
_I2C1_Status                                      bssCOMRAM    000001
_I2C_Initialize                                   text13       001220
_I2C_Read                                         text10       000E74
_I2C_Start                                        text12       0011C6
_I2C_Stop                                         text11       00120A
_I2C_Write                                        text9        001028
_INLVLA                                           (abs)        000E8E
_INLVLB                                           (abs)        000E96
_INLVLC                                           (abs)        000E9E
_INLVLD                                           (abs)        000EA3
_INLVLE                                           (abs)        000EAB
_INLVLF                                           (abs)        000EB0
_INLVLG                                           (abs)        000EB8
_INLVLH                                           (abs)        000EBD
_LATA                                             (abs)        000F79
_LATB                                             (abs)        000F7A
_LATC                                             (abs)        000F7B
_LATD                                             (abs)        000F7C
_LATDbits                                         (abs)        000F7C
_LATE                                             (abs)        000F7D
_LATEbits                                         (abs)        000F7D
_LATF                                             (abs)        000F7E
_LATG                                             (abs)        000F7F
_LATH                                             (abs)        000F80
_ODCONA                                           (abs)        000E90
_ODCONB                                           (abs)        000E98
_ODCONC                                           (abs)        000EA0
_ODCOND                                           (abs)        000EA5
_ODCONE                                           (abs)        000EAD
_ODCONF                                           (abs)        000EB2
_ODCONG                                           (abs)        000EBA
_ODCONH                                           (abs)        000EBF
_OSCCON1                                          (abs)        000E43
_OSCCON3                                          (abs)        000E45
_OSCEN                                            (abs)        000E47
_OSCFRQ                                           (abs)        000E49
_OSCILLATOR_Initialize                            text8        0011AE
_OSCTUNE                                          (abs)        000E48
_PIE3bits                                         (abs)        000E2C
_PIN_MANAGER_Initialize                           text7        000F6C
_PIR0bits                                         (abs)        000E33
_PIR3bits                                         (abs)        000E36
_PMD0                                             (abs)        000E4C
_PMD1                                             (abs)        000E4D
_PMD2                                             (abs)        000E4E
_PMD3                                             (abs)        000E4F
_PMD4                                             (abs)        000E50
_PMD5                                             (abs)        000E51
_PMD_Initialize                                   text6        001192
_RC3PPS                                           (abs)        000E65
_RC4PPS                                           (abs)        000E66
_SLRCONA                                          (abs)        000E8F
_SLRCONB                                          (abs)        000E97
_SLRCONC                                          (abs)        000E9F
_SLRCOND                                          (abs)        000EA4
_SLRCONE                                          (abs)        000EAC
_SLRCONF                                          (abs)        000EB1
_SLRCONG                                          (abs)        000EB9
_SLRCONH                                          (abs)        000EBE
_SSP1ADD                                          (abs)        000F92
_SSP1BUF                                          (abs)        000F91
_SSP1CLKPPS                                       (abs)        000E19
_SSP1CON1                                         (abs)        000F95
_SSP1CON1bits                                     (abs)        000F95
_SSP1CON2                                         (abs)        000F96
_SSP1CON2bits                                     (abs)        000F96
_SSP1DATPPS                                       (abs)        000E1A
_SSP1STAT                                         (abs)        000F94
_SSP1STATbits                                     (abs)        000F94
_STATUS                                           (abs)        000FD8
_SYSTEM_Initialize                                text4        001234
_T0CON0                                           (abs)        000FD5
_T0CON0bits                                       (abs)        000FD5
_T0CON1                                           (abs)        000FD6
_TMR0H                                            (abs)        000FD4
_TMR0L                                            (abs)        000FD3
_TMR0_HasOverflowOccured                          text3        0011DE
_TMR0_Initialize                                  text5        0011F4
_TMR0_StartTimer                                  text2        00124E
_TMR0_StopTimer                                   text1        00124A
_TRISA                                            (abs)        000F81
_TRISB                                            (abs)        000F82
_TRISC                                            (abs)        000F83
_TRISD                                            (abs)        000F84
_TRISE                                            (abs)        000F85
_TRISF                                            (abs)        000F86
_TRISG                                            (abs)        000F87
_TRISH                                            (abs)        000F88
_WPUA                                             (abs)        000E91
_WPUB                                             (abs)        000E99
_WPUC                                             (abs)        000EA1
_WPUD                                             (abs)        000EA6
_WPUE                                             (abs)        000EAE
_WPUF                                             (abs)        000EB3
_WPUG                                             (abs)        000EBB
_WPUH                                             (abs)        000EC0
__HRAM                                            (abs)        000000
__Habs1                                           abs1         000000
__Hbank0                                          bank0        000000
__Hbank1                                          bank1        000000
__Hbank10                                         bank10       000000
__Hbank11                                         bank11       000000
__Hbank12                                         bank12       000000
__Hbank13                                         bank13       000000
__Hbank2                                          bank2        000000
__Hbank3                                          bank3        000000
__Hbank4                                          bank4        000000
__Hbank5                                          bank5        000000
__Hbank6                                          bank6        000000
__Hbank7                                          bank7        000000
__Hbank8                                          bank8        000000
__Hbank9                                          bank9        000000
__Hbigbss                                         bigbss       000000
__Hbigdata                                        bigdata      000000
__Hbigram                                         bigram       000000
__Hbss                                            bss          000000
__HbssBANK0                                       bssBANK0     000000
__HbssCOMRAM                                      bssCOMRAM    000000
__Hcinit                                          cinit        000000
__Hclrtext                                        clrtext      000000
__Hcomram                                         comram       000000
__Hconfig                                         config       30000C
__Hconst                                          const        000000
__HcstackCOMRAM                                   cstackCOMRAM 000000
__Hdata                                           data         000000
__HdataCOMRAM                                     dataCOMRAM   000000
__Heeprom_data                                    eeprom_data  000000
__Hfarbss                                         farbss       000000
__Hfardata                                        fardata      000000
__Hibigdata                                       ibigdata     000000
__Hidata                                          idata        000000
__HidataCOMRAM                                    idataCOMRAM  000000
__Hidloc                                          idloc        200010
__Hifardata                                       ifardata     000000
__Hinit                                           init         000004
__Hintcode                                        intcode      000000
__Hintcode_body                                   intcode_body 000000
__Hintcodelo                                      intcodelo    000000
__Hintentry                                       intentry     000000
__Hintret                                         intret       000000
__Hintsave_regs                                   intsave_regs 000000
__Hirdata                                         irdata       000000
__Hmediumconst                                    mediumconst  000000
__HnvFARRAM                                       nvFARRAM     000000
__Hnvbit                                          nvbit        000000
__Hnvrram                                         nvrram       000000
__Hparam                                          rparam       000000
__Hpowerup                                        powerup      000000
__Hram                                            ram          000000
__Hramtop                                         ramtop       000E00
__Hrbit                                           rbit         000000
__Hrbss                                           rbss         000000
__Hrdata                                          rdata        000000
__Hreset_vec                                      reset_vec    000000
__Hrparam                                         rparam       000000
__Hsfr                                            sfr          000000
__Hsmallconst                                     smallconst   000E74
__Hspace_0                                        (abs)        001252
__Hspace_1                                        (abs)        0000CE
__Hspace_2                                        (abs)        000000
__Hspace_4                                        (abs)        60000C
__Hstack                                          stack        000000
__Hstruct                                         struct       000000
__Htemp                                           temp         000000
__Htext                                           text         000000
__Htext0                                          text0        000000
__Htext1                                          text1        000000
__Htext10                                         text10       000000
__Htext11                                         text11       000000
__Htext12                                         text12       000000
__Htext13                                         text13       000000
__Htext2                                          text2        000000
__Htext3                                          text3        000000
__Htext4                                          text4        000000
__Htext5                                          text5        000000
__Htext6                                          text6        000000
__Htext7                                          text7        000000
__Htext8                                          text8        000000
__Htext9                                          text9        000000
__LRAM                                            (abs)        000001
__Labs1                                           abs1         000000
__Lbank0                                          bank0        000000
__Lbank1                                          bank1        000000
__Lbank10                                         bank10       000000
__Lbank11                                         bank11       000000
__Lbank12                                         bank12       000000
__Lbank13                                         bank13       000000
__Lbank2                                          bank2        000000
__Lbank3                                          bank3        000000
__Lbank4                                          bank4        000000
__Lbank5                                          bank5        000000
__Lbank6                                          bank6        000000
__Lbank7                                          bank7        000000
__Lbank8                                          bank8        000000
__Lbank9                                          bank9        000000
__Lbigbss                                         bigbss       000000
__Lbigdata                                        bigdata      000000
__Lbigram                                         bigram       000000
__Lbss                                            bss          000000
__LbssBANK0                                       bssBANK0     000000
__LbssCOMRAM                                      bssCOMRAM    000000
__Lcinit                                          cinit        000000
__Lclrtext                                        clrtext      000000
__Lcomram                                         comram       000000
__Lconfig                                         config       000000
__Lconst                                          const        000000
__LcstackCOMRAM                                   cstackCOMRAM 000000
__Ldata                                           data         000000
__LdataCOMRAM                                     dataCOMRAM   000000
__Leeprom_data                                    eeprom_data  000000
__Lfarbss                                         farbss       000000
__Lfardata                                        fardata      000000
__Libigdata                                       ibigdata     000000
__Lidata                                          idata        000000
__LidataCOMRAM                                    idataCOMRAM  000000
__Lidloc                                          idloc        000000
__Lifardata                                       ifardata     000000
__Linit                                           init         000000
__Lintcode                                        intcode      000000
__Lintcode_body                                   intcode_body 000000
__Lintcodelo                                      intcodelo    000000
__Lintentry                                       intentry     000000
__Lintret                                         intret       000000
__Lintsave_regs                                   intsave_regs 000000
__Lirdata                                         irdata       000000
__Lmediumconst                                    mediumconst  000000
__LnvFARRAM                                       nvFARRAM     000000
__Lnvbit                                          nvbit        000000
__Lnvrram                                         nvrram       000000
__Lparam                                          rparam       000000
__Lpowerup                                        powerup      000000
__Lram                                            ram          000000
__Lramtop                                         ramtop       000E00
__Lrbit                                           rbit         000000
__Lrbss                                           rbss         000000
__Lrdata                                          rdata        000000
__Lreset_vec                                      reset_vec    000000
__Lrparam                                         rparam       000000
__Lsfr                                            sfr          000000
__Lsmallconst                                     smallconst   000E00
__Lspace_0                                        (abs)        000000
__Lspace_1                                        (abs)        000000
__Lspace_2                                        (abs)        000000
__Lspace_4                                        (abs)        000000
__Lstack                                          stack        000000
__Lstruct                                         struct       000000
__Ltemp                                           temp         000000
__Ltext                                           text         000000
__Ltext0                                          text0        000000
__Ltext1                                          text1        000000
__Ltext10                                         text10       000000
__Ltext11                                         text11       000000
__Ltext12                                         text12       000000
__Ltext13                                         text13       000000
__Ltext2                                          text2        000000
__Ltext3                                          text3        000000
__Ltext4                                          text4        000000
__Ltext5                                          text5        000000
__Ltext6                                          text6        000000
__Ltext7                                          text7        000000
__Ltext8                                          text8        000000
__Ltext9                                          text9        000000
__S0                                              (abs)        001252
__S1                                              (abs)        0000CE
__S2                                              (abs)        000000
__S4                                              (abs)        000000
__S5                                              (abs)        000000
___daylight                                       bssCOMRAM    00004F
___gmt                                            smallconst   000E6D
___inthi_sp                                       stack        000000
___intlo_sp                                       stack        000000
___month_to_secs@secs_through_month               smallconst   000E01
___param_bank                                     (abs)        000000
___rparam_used                                    (abs)        000001
___secs_to_tm@days_in_month                       smallconst   000E61
___sp                                             stack        000000
___timezone                                       bssCOMRAM    00003B
___tzname                                         bssCOMRAM    000037
__accesstop                                       (abs)        000060
__activetblptr                                    (abs)        000003
__end_of_I2C_Initialize                           text13       001234
__end_of_I2C_Read                                 text10       000F6C
__end_of_I2C_Start                                text12       0011DE
__end_of_I2C_Stop                                 text11       001220
__end_of_I2C_Write                                text9        0010C6
__end_of_OSCILLATOR_Initialize                    text8        0011C6
__end_of_PIN_MANAGER_Initialize                   text7        001028
__end_of_PMD_Initialize                           text6        0011AE
__end_of_SYSTEM_Initialize                        text4        001246
__end_of_TMR0_HasOverflowOccured                  text3        0011F4
__end_of_TMR0_Initialize                          text5        00120A
__end_of_TMR0_StartTimer                          text2        001252
__end_of_TMR0_StopTimer                           text1        00124E
__end_of___gmt                                    smallconst   000E71
__end_of___month_to_secs@secs_through_month       smallconst   000E31
__end_of___secs_to_tm@days_in_month               smallconst   000E6D
__end_of__initialization                          cinit        00118C
__end_of_i2c1_fsmStateTable                       smallconst   000E61
__end_of_main                                     text0        001154
__initialization                                  cinit        001154
__mediumconst                                     mediumconst  000000
__pbssBANK0                                       bssBANK0     000060
__pbssCOMRAM                                      bssCOMRAM    000001
__pcinit                                          cinit        001154
__pcstackCOMRAM                                   cstackCOMRAM 000053
__pdataCOMRAM                                     dataCOMRAM   000058
__pidataCOMRAM                                    idataCOMRAM  001246
__psmallconst                                     smallconst   000E00
__ptext0                                          text0        0010C6
__ptext1                                          text1        00124A
__ptext10                                         text10       000E74
__ptext11                                         text11       00120A
__ptext12                                         text12       0011C6
__ptext13                                         text13       001220
__ptext2                                          text2        00124E
__ptext3                                          text3        0011DE
__ptext4                                          text4        001234
__ptext5                                          text5        0011F4
__ptext6                                          text6        001192
__ptext7                                          text7        000F6C
__ptext8                                          text8        0011AE
__ptext9                                          text9        001028
__ramtop                                          ramtop       000E00
__size_of_I2C_Initialize                          (abs)        000000
__size_of_I2C_Read                                (abs)        000000
__size_of_I2C_Start                               (abs)        000000
__size_of_I2C_Stop                                (abs)        000000
__size_of_I2C_Write                               (abs)        000000
__size_of_OSCILLATOR_Initialize                   (abs)        000000
__size_of_PIN_MANAGER_Initialize                  (abs)        000000
__size_of_PMD_Initialize                          (abs)        000000
__size_of_SYSTEM_Initialize                       (abs)        000000
__size_of_TMR0_HasOverflowOccured                 (abs)        000000
__size_of_TMR0_Initialize                         (abs)        000000
__size_of_TMR0_StartTimer                         (abs)        000000
__size_of_TMR0_StopTimer                          (abs)        000000
__size_of_main                                    (abs)        000000
__smallconst                                      smallconst   000E00
_dateTime                                         bssBANK0     000060
_daylight                                         bssCOMRAM    00004D
_dst_name                                         bssBANK0     0000C0
_dst_off                                          bssCOMRAM    00002F
_errno                                            bssCOMRAM    000051
_i2c1_fsmStateTable                               smallconst   000E31
_lock                                             bssCOMRAM    00002B
_main                                             text0        0010C6
_r0                                               bssBANK0     0000B6
_r1                                               bssBANK0     0000AC
_rd1RegCompleteHandler                            (abs)        000000
_rd1RegCompleteHandler@i2c1_master_example$F145   (abs)        000000
_rd2RegCompleteHandler                            (abs)        000000
_rd2RegCompleteHandler@i2c1_master_example$F156   (abs)        000000
_rdBlkRegCompleteHandler                          (abs)        000000
_rdBlkRegCompleteHandler@i2c1_master_example$F179 (abs)        000000
_std_name                                         bssBANK0     0000C7
_timezone                                         bssCOMRAM    000033
_tzname                                           bssBANK0     00006E
_wr1RegCompleteHandler                            (abs)        000000
_wr1RegCompleteHandler@i2c1_master_example$F162   (abs)        000000
_wr2RegCompleteHandler                            (abs)        000000
_wr2RegCompleteHandler@i2c1_master_example$F168   (abs)        000000
end_of_initialization                             cinit        00118C
intlevel0                                         text         000000
intlevel1                                         text         000000
intlevel2                                         text         000000
intlevel3                                         text         000000
localtime@tm                                      bssBANK0     000094
stackhi                                           (abs)        000DE9
stacklo                                           (abs)        0000CE
start                                             init         000000
start_initialization                              cinit        001154


FUNCTION INFORMATION:

 *************** function _main *****************
 Defined at:
		line 8 in file "main.c"
 Parameters:    Size  Location     Type
		None
 Auto vars:     Size  Location     Type
  data            1    0        unsigned char 
 Return value:  Size  Location     Type
                  1    wreg      void 
 Registers used:
		wreg, status,2, status,0, cstack
 Tracked objects:
		On entry : 
		On exit  : 
		Unchanged: 
 Data sizes:     COMRAM   BANK0   BANK1   BANK2   BANK3   BANK4   BANK5   BANK6   BANK7   BANK8   BANK9  BANK10  BANK11  BANK12  BANK13
      Params:         0       0       0       0       0       0       0       0       0       0       0       0       0       0       0
      Locals:         1       0       0       0       0       0       0       0       0       0       0       0       0       0       0
      Temps:          1       0       0       0       0       0       0       0       0       0       0       0       0       0       0
      Totals:         2       0       0       0       0       0       0       0       0       0       0       0       0       0       0
Total ram usage:        2 bytes
 Hardware stack levels required when called:    2
 This function calls:
		_I2C_Initialize
		_I2C_Read
		_I2C_Write
		_SYSTEM_Initialize
		_TMR0_HasOverflowOccured
		_TMR0_StartTimer
		_TMR0_StopTimer
 This function is called by:
		Startup code after reset
 This function uses a non-reentrant model


 *************** function _TMR0_StopTimer *****************
 Defined at:
		line 86 in file "mcc_generated_files/tmr0.c"
 Parameters:    Size  Location     Type
		None
 Auto vars:     Size  Location     Type
		None
 Return value:  Size  Location     Type
                  1    wreg      void 
 Registers used:
		None
 Tracked objects:
		On entry : 
		On exit  : 
		Unchanged: 
 Data sizes:     COMRAM   BANK0   BANK1   BANK2   BANK3   BANK4   BANK5   BANK6   BANK7   BANK8   BANK9  BANK10  BANK11  BANK12  BANK13
      Params:         0       0       0       0       0       0       0       0       0       0       0       0       0       0       0
      Locals:         0       0       0       0       0       0       0       0       0       0       0       0       0       0       0
      Temps:          0       0       0       0       0       0       0       0       0       0       0       0       0       0       0
      Totals:         0       0       0       0       0       0       0       0       0       0       0       0       0       0       0
Total ram usage:        0 bytes
 Hardware stack levels used:    1
 This function calls:
		Nothing
 This function is called by:
		_main
 This function uses a non-reentrant model


 *************** function _TMR0_StartTimer *****************
 Defined at:
		line 80 in file "mcc_generated_files/tmr0.c"
 Parameters:    Size  Location     Type
		None
 Auto vars:     Size  Location     Type
		None
 Return value:  Size  Location     Type
                  1    wreg      void 
 Registers used:
		None
 Tracked objects:
		On entry : 
		On exit  : 
		Unchanged: 
 Data sizes:     COMRAM   BANK0   BANK1   BANK2   BANK3   BANK4   BANK5   BANK6   BANK7   BANK8   BANK9  BANK10  BANK11  BANK12  BANK13
      Params:         0       0       0       0       0       0       0       0       0       0       0       0       0       0       0
      Locals:         0       0       0       0       0       0       0       0       0       0       0       0       0       0       0
      Temps:          0       0       0       0       0       0       0       0       0       0       0       0       0       0       0
      Totals:         0       0       0       0       0       0       0       0       0       0       0       0       0       0       0
Total ram usage:        0 bytes
 Hardware stack levels used:    1
 This function calls:
		Nothing
 This function is called by:
		_main
 This function uses a non-reentrant model


 *************** function _TMR0_HasOverflowOccured *****************
 Defined at:
		line 114 in file "mcc_generated_files/tmr0.c"
 Parameters:    Size  Location     Type
		None
 Auto vars:     Size  Location     Type
		None
 Return value:  Size  Location     Type
                  1    wreg      _Bool 
 Registers used:
		wreg
 Tracked objects:
		On entry : 
		On exit  : 
		Unchanged: 
 Data sizes:     COMRAM   BANK0   BANK1   BANK2   BANK3   BANK4   BANK5   BANK6   BANK7   BANK8   BANK9  BANK10  BANK11  BANK12  BANK13
      Params:         0       0       0       0       0       0       0       0       0       0       0       0       0       0       0
      Locals:         0       0       0       0       0       0       0       0       0       0       0       0       0       0       0
      Temps:          0       0       0       0       0       0       0       0       0       0       0       0       0       0       0
      Totals:         0       0       0       0       0       0       0       0       0       0       0       0       0       0       0
Total ram usage:        0 bytes
 Hardware stack levels used:    1
 This function calls:
		Nothing
 This function is called by:
		_main
 This function uses a non-reentrant model


 *************** function _SYSTEM_Initialize *****************
 Defined at:
		line 50 in file "mcc_generated_files/mcc.c"
 Parameters:    Size  Location     Type
		None
 Auto vars:     Size  Location     Type
		None
 Return value:  Size  Location     Type
                  1    wreg      void 
 Registers used:
		wreg, status,2, cstack
 Tracked objects:
		On entry : 
		On exit  : 
		Unchanged: 
 Data sizes:     COMRAM   BANK0   BANK1   BANK2   BANK3   BANK4   BANK5   BANK6   BANK7   BANK8   BANK9  BANK10  BANK11  BANK12  BANK13
      Params:         0       0       0       0       0       0       0       0       0       0       0       0       0       0       0
      Locals:         0       0       0       0       0       0       0       0       0       0       0       0       0       0       0
      Temps:          0       0       0       0       0       0       0       0       0       0       0       0       0       0       0
      Totals:         0       0       0       0       0       0       0       0       0       0       0       0       0       0       0
Total ram usage:        0 bytes
 Hardware stack levels used:    1
 Hardware stack levels required when called:    1
 This function calls:
		_OSCILLATOR_Initialize
		_PIN_MANAGER_Initialize
		_PMD_Initialize
		_TMR0_Initialize
 This function is called by:
		_main
 This function uses a non-reentrant model


 *************** function _TMR0_Initialize *****************
 Defined at:
		line 60 in file "mcc_generated_files/tmr0.c"
 Parameters:    Size  Location     Type
		None
 Auto vars:     Size  Location     Type
		None
 Return value:  Size  Location     Type
                  1    wreg      void 
 Registers used:
		wreg, status,2
 Tracked objects:
		On entry : 
		On exit  : 
		Unchanged: 
 Data sizes:     COMRAM   BANK0   BANK1   BANK2   BANK3   BANK4   BANK5   BANK6   BANK7   BANK8   BANK9  BANK10  BANK11  BANK12  BANK13
      Params:         0       0       0       0       0       0       0       0       0       0       0       0       0       0       0
      Locals:         0       0       0       0       0       0       0       0       0       0       0       0       0       0       0
      Temps:          0       0       0       0       0       0       0       0       0       0       0       0       0       0       0
      Totals:         0       0       0       0       0       0       0       0       0       0       0       0       0       0       0
Total ram usage:        0 bytes
 Hardware stack levels used:    1
 This function calls:
		Nothing
 This function is called by:
		_SYSTEM_Initialize
 This function uses a non-reentrant model


 *************** function _PMD_Initialize *****************
 Defined at:
		line 74 in file "mcc_generated_files/mcc.c"
 Parameters:    Size  Location     Type
		None
 Auto vars:     Size  Location     Type
		None
 Return value:  Size  Location     Type
                  1    wreg      void 
 Registers used:
		wreg, status,2
 Tracked objects:
		On entry : 
		On exit  : 
		Unchanged: 
 Data sizes:     COMRAM   BANK0   BANK1   BANK2   BANK3   BANK4   BANK5   BANK6   BANK7   BANK8   BANK9  BANK10  BANK11  BANK12  BANK13
      Params:         0       0       0       0       0       0       0       0       0       0       0       0       0       0       0
      Locals:         0       0       0       0       0       0       0       0       0       0       0       0       0       0       0
      Temps:          0       0       0       0       0       0       0       0       0       0       0       0       0       0       0
      Totals:         0       0       0       0       0       0       0       0       0       0       0       0       0       0       0
Total ram usage:        0 bytes
 Hardware stack levels used:    1
 This function calls:
		Nothing
 This function is called by:
		_SYSTEM_Initialize
 This function uses a non-reentrant model


 *************** function _PIN_MANAGER_Initialize *****************
 Defined at:
		line 55 in file "mcc_generated_files/pin_manager.c"
 Parameters:    Size  Location     Type
		None
 Auto vars:     Size  Location     Type
		None
 Return value:  Size  Location     Type
                  1    wreg      void 
 Registers used:
		wreg, status,2
 Tracked objects:
		On entry : 
		On exit  : 
		Unchanged: 
 Data sizes:     COMRAM   BANK0   BANK1   BANK2   BANK3   BANK4   BANK5   BANK6   BANK7   BANK8   BANK9  BANK10  BANK11  BANK12  BANK13
      Params:         0       0       0       0       0       0       0       0       0       0       0       0       0       0       0
      Locals:         0       0       0       0       0       0       0       0       0       0       0       0       0       0       0
      Temps:          0       0       0       0       0       0       0       0       0       0       0       0       0       0       0
      Totals:         0       0       0       0       0       0       0       0       0       0       0       0       0       0       0
Total ram usage:        0 bytes
 Hardware stack levels used:    1
 This function calls:
		Nothing
 This function is called by:
		_SYSTEM_Initialize
 This function uses a non-reentrant model


 *************** function _OSCILLATOR_Initialize *****************
 Defined at:
		line 60 in file "mcc_generated_files/mcc.c"
 Parameters:    Size  Location     Type
		None
 Auto vars:     Size  Location     Type
		None
 Return value:  Size  Location     Type
                  1    wreg      void 
 Registers used:
		wreg, status,2
 Tracked objects:
		On entry : 
		On exit  : 
		Unchanged: 
 Data sizes:     COMRAM   BANK0   BANK1   BANK2   BANK3   BANK4   BANK5   BANK6   BANK7   BANK8   BANK9  BANK10  BANK11  BANK12  BANK13
      Params:         0       0       0       0       0       0       0       0       0       0       0       0       0       0       0
      Locals:         0       0       0       0       0       0       0       0       0       0       0       0       0       0       0
      Temps:          0       0       0       0       0       0       0       0       0       0       0       0       0       0       0
      Totals:         0       0       0       0       0       0       0       0       0       0       0       0       0       0       0
Total ram usage:        0 bytes
 Hardware stack levels used:    1
 This function calls:
		Nothing
 This function is called by:
		_SYSTEM_Initialize
 This function uses a non-reentrant model


 *************** function _I2C_Write *****************
 Defined at:
		line 19 in file "I2C.c"
 Parameters:    Size  Location     Type
  address         1    wreg     unsigned char 
  reg             1    0[COMRAM] unsigned char 
  data            1    1[COMRAM] unsigned char 
 Auto vars:     Size  Location     Type
  address         1    3[COMRAM] unsigned char 
 Return value:  Size  Location     Type
                  1    wreg      void 
 Registers used:
		wreg, status,2, status,0, cstack
 Tracked objects:
		On entry : 
		On exit  : 
		Unchanged: 
 Data sizes:     COMRAM   BANK0   BANK1   BANK2   BANK3   BANK4   BANK5   BANK6   BANK7   BANK8   BANK9  BANK10  BANK11  BANK12  BANK13
      Params:         2       0       0       0       0       0       0       0       0       0       0       0       0       0       0
      Locals:         1       0       0       0       0       0       0       0       0       0       0       0       0       0       0
      Temps:          1       0       0       0       0       0       0       0       0       0       0       0       0       0       0
      Totals:         4       0       0       0       0       0       0       0       0       0       0       0       0       0       0
Total ram usage:        4 bytes
 Hardware stack levels used:    1
 Hardware stack levels required when called:    1
 This function calls:
		_I2C_Start
		_I2C_Stop
 This function is called by:
		_main
 This function uses a non-reentrant model


 *************** function _I2C_Read *****************
 Defined at:
		line 46 in file "I2C.c"
 Parameters:    Size  Location     Type
  address         1    wreg     unsigned char 
  reg             1    0[COMRAM] unsigned char 
 Auto vars:     Size  Location     Type
  address         1    2[COMRAM] unsigned char 
  data            1    1[COMRAM] unsigned char 
 Return value:  Size  Location     Type
                  1    wreg      unsigned char 
 Registers used:
		wreg, status,2, status,0, cstack
 Tracked objects:
		On entry : 
		On exit  : 
		Unchanged: 
 Data sizes:     COMRAM   BANK0   BANK1   BANK2   BANK3   BANK4   BANK5   BANK6   BANK7   BANK8   BANK9  BANK10  BANK11  BANK12  BANK13
      Params:         1       0       0       0       0       0       0       0       0       0       0       0       0       0       0
      Locals:         2       0       0       0       0       0       0       0       0       0       0       0       0       0       0
      Temps:          0       0       0       0       0       0       0       0       0       0       0       0       0       0       0
      Totals:         3       0       0       0       0       0       0       0       0       0       0       0       0       0       0
Total ram usage:        3 bytes
 Hardware stack levels used:    1
 Hardware stack levels required when called:    1
 This function calls:
		_I2C_Start
		_I2C_Stop
 This function is called by:
		_main
 This function uses a non-reentrant model


 *************** function _I2C_Stop *****************
 Defined at:
		line 95 in file "I2C.c"
 Parameters:    Size  Location     Type
		None
 Auto vars:     Size  Location     Type
		None
 Return value:  Size  Location     Type
                  1    wreg      void 
 Registers used:
		None
 Tracked objects:
		On entry : 
		On exit  : 
		Unchanged: 
 Data sizes:     COMRAM   BANK0   BANK1   BANK2   BANK3   BANK4   BANK5   BANK6   BANK7   BANK8   BANK9  BANK10  BANK11  BANK12  BANK13
      Params:         0       0       0       0       0       0       0       0       0       0       0       0       0       0       0
      Locals:         0       0       0       0       0       0       0       0       0       0       0       0       0       0       0
      Temps:          0       0       0       0       0       0       0       0       0       0       0       0       0       0       0
      Totals:         0       0       0       0       0       0       0       0       0       0       0       0       0       0       0
Total ram usage:        0 bytes
 Hardware stack levels used:    1
 This function calls:
		Nothing
 This function is called by:
		_I2C_Write
		_I2C_Read
 This function uses a non-reentrant model


 *************** function _I2C_Start *****************
 Defined at:
		line 12 in file "I2C.c"
 Parameters:    Size  Location     Type
		None
 Auto vars:     Size  Location     Type
		None
 Return value:  Size  Location     Type
                  1    wreg      void 
 Registers used:
		None
 Tracked objects:
		On entry : 
		On exit  : 
		Unchanged: 
 Data sizes:     COMRAM   BANK0   BANK1   BANK2   BANK3   BANK4   BANK5   BANK6   BANK7   BANK8   BANK9  BANK10  BANK11  BANK12  BANK13
      Params:         0       0       0       0       0       0       0       0       0       0       0       0       0       0       0
      Locals:         0       0       0       0       0       0       0       0       0       0       0       0       0       0       0
      Temps:          0       0       0       0       0       0       0       0       0       0       0       0       0       0       0
      Totals:         0       0       0       0       0       0       0       0       0       0       0       0       0       0       0
Total ram usage:        0 bytes
 Hardware stack levels used:    1
 This function calls:
		Nothing
 This function is called by:
		_I2C_Write
		_I2C_Read
 This function uses a non-reentrant model


 *************** function _I2C_Initialize *****************
 Defined at:
		line 4 in file "I2C.c"
 Parameters:    Size  Location     Type
		None
 Auto vars:     Size  Location     Type
		None
 Return value:  Size  Location     Type
                  1    wreg      void 
 Registers used:
		wreg, status,2
 Tracked objects:
		On entry : 
		On exit  : 
		Unchanged: 
 Data sizes:     COMRAM   BANK0   BANK1   BANK2   BANK3   BANK4   BANK5   BANK6   BANK7   BANK8   BANK9  BANK10  BANK11  BANK12  BANK13
      Params:         0       0       0       0       0       0       0       0       0       0       0       0       0       0       0
      Locals:         0       0       0       0       0       0       0       0       0       0       0       0       0       0       0
      Temps:          0       0       0       0       0       0       0       0       0       0       0       0       0       0       0
      Totals:         0       0       0       0       0       0       0       0       0       0       0       0       0       0       0
Total ram usage:        0 bytes
 Hardware stack levels used:    1
 This function calls:
		Nothing
 This function is called by:
		_main
 This function uses a non-reentrant model



MODULE INFORMATION

Module		Function		Class		Link	Load	Size
mcc_generated_files/tmr0.c
		_TMR0_StopTimer		CODE           	124A	0000	4
		_TMR0_StartTimer		CODE           	124E	0000	4
		_TMR0_HasOverflowOccured		CODE           	11DE	0000	22
		_TMR0_Initialize		CODE           	11F4	0000	22

mcc_generated_files/tmr0.c estimated size: 52

I2C.c
		_I2C_Write     		CODE           	1028	0000	158
		_I2C_Stop      		CODE           	120A	0000	22
		_I2C_Read      		CODE           	0E74	0000	248
		_I2C_Initialize		CODE           	1220	0000	20
		_I2C_Start     		CODE           	11C6	0000	24

I2C.c estimated size: 472

mcc_generated_files/pin_manager.c
		_PIN_MANAGER_Initialize		CODE           	0F6C	0000	188

mcc_generated_files/pin_manager.c estimated size: 188

shared
		___secs_to_tm@days_in_month		SMALLCONST     	0E61	0000	12
		__initialization		CODE           	1154	0000	56
		_i2c1_fsmStateTable		SMALLCONST     	0E31	0000	48
		___month_to_secs@secs_through_month		SMALLCONST     	0E01	0000	48
		___gmt         		SMALLCONST     	0E6D	0000	4

shared estimated size: 168

mcc_generated_files/mcc.c
		_PMD_Initialize		CODE           	1192	0000	28
		_OSCILLATOR_Initialize		CODE           	11AE	0000	24
		_SYSTEM_Initialize		CODE           	1234	0000	18

mcc_generated_files/mcc.c estimated size: 70

main.c
		_main          		CODE           	10C6	0000	142

main.c estimated size: 142

