Microchip MPLAB XC8 Compiler V2.31

Linker command line:

-W-3 --edf=C:\Program Files\Microchip\xc8\v2.31\pic\dat\en_msgs.txt -cn \
  -h+dist/default/production\Clock.X.production.sym \
  --cmf=dist/default/production\Clock.X.production.cmf -z -Q18F67K40 \
  -oC:\Users\swern\AppData\Local\Temp\s6u4.2 --defsym=__MPLAB_BUILD=1 \
  -Mdist/default/production/Clock.X.production.map -E1 -ver=XC8 Compiler \
  --acfsm=1493 -ASTACK=060h-0DE9h -pstack=STACK -ACODE=00h-01FFFFh \
  -ACONST=00h-01FFFFh -ASMALLCONST=0E00h-0EFFhx498 \
  -AMEDIUMCONST=0E00h-0FFFFh,010E00h-01FFFFh -ACOMRAM=01h-05Fh \
  -AABS1=00h-0DE9h -ABIGRAM=01h-0DE9h \
  -ARAM=060h-0FFh,0100h-01FFhx12,0D00h-0DE9h -ABANK0=060h-0FFh \
  -ABANK1=0100h-01FFh -ABANK2=0200h-02FFh -ABANK3=0300h-03FFh \
  -ABANK4=0400h-04FFh -ABANK5=0500h-05FFh -ABANK6=0600h-06FFh \
  -ABANK7=0700h-07FFh -ABANK8=0800h-08FFh -ABANK9=0900h-09FFh \
  -ABANK10=0A00h-0AFFh -ABANK11=0B00h-0BFFh -ABANK12=0C00h-0CFFh \
  -ABANK13=0D00h-0DE9h \
  -ASFR=0DEFh-0DFFh,0E00h-0EFFh,0F00h-0F5Fh,0F60h-0FFFh \
  -ACONFIG=0300000h-030000Bh -AIDLOC=0200000h-020000Fh \
  -AEEDATA=0310000h-03103FFh -peeprom_data=EEDATA \
  -preset_vec=00h,intcode,intcodelo,powerup,init -pramtop=0E00h \
  -psmallconst=SMALLCONST -pmediumconst=MEDIUMCONST -pconst=CONST \
  -AFARRAM=00h-00h \
  -prdata=COMRAM,nvrram=COMRAM,nvbit=COMRAM,rbss=COMRAM,rbit=COMRAM \
  -pfarbss=FARRAM,fardata=FARRAM,nvFARRAM=FARRAM \
  -pintsave_regs=BIGRAM,bigbss=BIGRAM,bigdata=BIGRAM -pbss=RAM \
  -pidata=CODE,irdata=CODE,ibigdata=CODE,ifardata=CODE -prparam=COMRAM \
  C:\Users\swern\AppData\Local\Temp\s6u4.o \
  dist/default/production\Clock.X.production.o 

Object code version is 3.11

Machine type is 18F67K40



                Name                               Link     Load   Length Selector   Space Scale
C:\Users\swern\AppData\Local\Temp\s6u4.o
                idloc                            200000   200000       10        0       5
                config                           300000   300000        C        0       4
                init                                  0        0        4        0       0
dist/default/production\Clock.X.production.o
                idloc                            200000   200000       10        0       5
                config                           300000   300000        C        0       4
                text8                             1FED6    1FED6       18     FF6B       0
                text7                             1FF58    1FF58       A8     FFAC       0
                text6                             1FEEE    1FEEE       1C     FF77       0
                text5                             1FEAA    1FEAA       16     FF55       0
                text4                             1FE98    1FE98       12     FF4C       0
                text3                             1FEC0    1FEC0       16     FF60       0
                text2                             1FE8A    1FE8A        4     FF45       0
                text1                             1FE8E    1FE8E        4     FF47       0
                text0                             1FF0A    1FF0A       4E     FF85       0
                cstackCOMRAM                          1        1        1        1       1
                cinit                             1FE92    1FE92        6     FF49       0

TOTAL           Name                               Link     Load   Length     Space
        CLASS   STACK          

        CLASS   CODE           
                init                                  0        0        4         0
                text8                             1FED6    1FED6       18         0
                text7                             1FF58    1FF58       A8         0
                text6                             1FEEE    1FEEE       1C         0
                text5                             1FEAA    1FEAA       16         0
                text4                             1FE98    1FE98       12         0
                text3                             1FEC0    1FEC0       16         0
                text2                             1FE8A    1FE8A        4         0
                text1                             1FE8E    1FE8E        4         0
                text0                             1FF0A    1FF0A       4E         0
                cinit                             1FE92    1FE92        6         0

        CLASS   CONST          

        CLASS   SMALLCONST     

        CLASS   MEDIUMCONST    

        CLASS   COMRAM         
                cstackCOMRAM                          1        1        1         1

        CLASS   ABS1           

        CLASS   BIGRAM         

        CLASS   RAM            

        CLASS   BANK0          

        CLASS   BANK1          

        CLASS   BANK2          

        CLASS   BANK3          

        CLASS   BANK4          

        CLASS   BANK5          

        CLASS   BANK6          

        CLASS   BANK7          

        CLASS   BANK8          

        CLASS   BANK9          

        CLASS   BANK10         

        CLASS   BANK11         

        CLASS   BANK12         

        CLASS   BANK13         

        CLASS   SFR            

        CLASS   CONFIG         
                config                           300000   300000        C         4

        CLASS   IDLOC          
                idloc                            200000   200000       10         5

        CLASS   EEDATA         

        CLASS   FARRAM         



SEGMENTS        Name                           Load    Length   Top    Selector   Space  Class

                reset_vec                      000000  000004  000004         0       0  CODE    
                cstackCOMRAM                   000001  000001  000002         1       1  COMRAM  
                text2                          01FE8A  000004  01FE8E      FF45       0  CODE    
                text1                          01FE8E  000004  01FE92      FF47       0  CODE    
                cinit                          01FE92  000006  01FE98      FF49       0  CODE    
                text4                          01FE98  000012  01FEAA      FF4C       0  CODE    
                text5                          01FEAA  000016  01FEC0      FF55       0  CODE    
                text3                          01FEC0  000016  01FED6      FF60       0  CODE    
                text8                          01FED6  000018  01FEEE      FF6B       0  CODE    
                text6                          01FEEE  00001C  01FF0A      FF77       0  CODE    
                text0                          01FF0A  00004E  01FF58      FF85       0  CODE    
                text7                          01FF58  0000A8  020000      FFAC       0  CODE    


UNUSED ADDRESS RANGES

        Name                Unused          Largest block    Delta
        BANK0            000060-0000FF               A0
        BANK1            000100-0001FF              100
        BANK10           000A00-000AFF              100
        BANK11           000B00-000BFF              100
        BANK12           000C00-000CFF              100
        BANK13           000D00-000DE9               EA
        BANK2            000200-0002FF              100
        BANK3            000300-0003FF              100
        BANK4            000400-0004FF              100
        BANK5            000500-0005FF              100
        BANK6            000600-0006FF              100
        BANK7            000700-0007FF              100
        BANK8            000800-0008FF              100
        BANK9            000900-0009FF              100
        BIGRAM           000002-000DE9              DE8
        CODE             000004-01FE89            1FE86
        COMRAM           000002-00005F               5E
        CONST            000004-01FE89            1FE86
        EEDATA           310000-3103FF              400
        MEDIUMCONST      000E00-00FFFF             F200
                         010E00-01FE89             F08A
        RAM              000060-000DE9              100
        SFR              000DEF-000FFF              100
        SMALLCONST       000E00-01FE89              100
        STACK            000060-000DE9              D8A

                                  Symbol Table

_ANSELA                           (abs)        000E92
_ANSELB                           (abs)        000E9A
_ANSELD                           (abs)        000EA7
_ANSELE                           (abs)        000EAF
_ANSELF                           (abs)        000EB4
_ANSELG                           (abs)        000EBC
_INLVLA                           (abs)        000E8E
_INLVLB                           (abs)        000E96
_INLVLC                           (abs)        000E9E
_INLVLD                           (abs)        000EA3
_INLVLE                           (abs)        000EAB
_INLVLF                           (abs)        000EB0
_INLVLG                           (abs)        000EB8
_INLVLH                           (abs)        000EBD
_LATA                             (abs)        000F79
_LATB                             (abs)        000F7A
_LATC                             (abs)        000F7B
_LATD                             (abs)        000F7C
_LATDbits                         (abs)        000F7C
_LATE                             (abs)        000F7D
_LATF                             (abs)        000F7E
_LATG                             (abs)        000F7F
_LATH                             (abs)        000F80
_ODCONA                           (abs)        000E90
_ODCONB                           (abs)        000E98
_ODCONC                           (abs)        000EA0
_ODCOND                           (abs)        000EA5
_ODCONE                           (abs)        000EAD
_ODCONF                           (abs)        000EB2
_ODCONG                           (abs)        000EBA
_ODCONH                           (abs)        000EBF
_OSCCON1                          (abs)        000E43
_OSCCON3                          (abs)        000E45
_OSCEN                            (abs)        000E47
_OSCFRQ                           (abs)        000E49
_OSCILLATOR_Initialize            text8        01FED6
_OSCTUNE                          (abs)        000E48
_PIN_MANAGER_Initialize           text7        01FF58
_PIR0bits                         (abs)        000E33
_PMD0                             (abs)        000E4C
_PMD1                             (abs)        000E4D
_PMD2                             (abs)        000E4E
_PMD3                             (abs)        000E4F
_PMD4                             (abs)        000E50
_PMD5                             (abs)        000E51
_PMD_Initialize                   text6        01FEEE
_SLRCONA                          (abs)        000E8F
_SLRCONB                          (abs)        000E97
_SLRCONC                          (abs)        000E9F
_SLRCOND                          (abs)        000EA4
_SLRCONE                          (abs)        000EAC
_SLRCONF                          (abs)        000EB1
_SLRCONG                          (abs)        000EB9
_SLRCONH                          (abs)        000EBE
_SYSTEM_Initialize                text4        01FE98
_T0CON0                           (abs)        000FD5
_T0CON0bits                       (abs)        000FD5
_T0CON1                           (abs)        000FD6
_TMR0H                            (abs)        000FD4
_TMR0L                            (abs)        000FD3
_TMR0_HasOverflowOccured          text3        01FEC0
_TMR0_Initialize                  text5        01FEAA
_TMR0_StartTimer                  text2        01FE8A
_TMR0_StopTimer                   text1        01FE8E
_TRISA                            (abs)        000F81
_TRISB                            (abs)        000F82
_TRISC                            (abs)        000F83
_TRISD                            (abs)        000F84
_TRISE                            (abs)        000F85
_TRISF                            (abs)        000F86
_TRISG                            (abs)        000F87
_TRISH                            (abs)        000F88
_WPUA                             (abs)        000E91
_WPUB                             (abs)        000E99
_WPUC                             (abs)        000EA1
_WPUD                             (abs)        000EA6
_WPUE                             (abs)        000EAE
_WPUF                             (abs)        000EB3
_WPUG                             (abs)        000EBB
_WPUH                             (abs)        000EC0
__HRAM                            (abs)        000000
__Habs1                           abs1         000000
__Hbank0                          bank0        000000
__Hbank1                          bank1        000000
__Hbank10                         bank10       000000
__Hbank11                         bank11       000000
__Hbank12                         bank12       000000
__Hbank13                         bank13       000000
__Hbank2                          bank2        000000
__Hbank3                          bank3        000000
__Hbank4                          bank4        000000
__Hbank5                          bank5        000000
__Hbank6                          bank6        000000
__Hbank7                          bank7        000000
__Hbank8                          bank8        000000
__Hbank9                          bank9        000000
__Hbigbss                         bigbss       000000
__Hbigdata                        bigdata      000000
__Hbigram                         bigram       000000
__Hbss                            bss          000000
__Hcinit                          cinit        000000
__Hclrtext                        clrtext      000000
__Hcomram                         comram       000000
__Hconfig                         config       30000C
__Hconst                          const        000000
__HcstackCOMRAM                   cstackCOMRAM 000000
__Hdata                           data         000000
__Heeprom_data                    eeprom_data  000000
__Hfarbss                         farbss       000000
__Hfardata                        fardata      000000
__Hibigdata                       ibigdata     000000
__Hidata                          idata        000000
__Hidloc                          idloc        200010
__Hifardata                       ifardata     000000
__Hinit                           init         000004
__Hintcode                        intcode      000000
__Hintcode_body                   intcode_body 000000
__Hintcodelo                      intcodelo    000000
__Hintentry                       intentry     000000
__Hintret                         intret       000000
__Hintsave_regs                   intsave_regs 000000
__Hirdata                         irdata       000000
__Hmediumconst                    mediumconst  000000
__HnvFARRAM                       nvFARRAM     000000
__Hnvbit                          nvbit        000000
__Hnvrram                         nvrram       000000
__Hparam                          rparam       000000
__Hpowerup                        powerup      000000
__Hram                            ram          000000
__Hramtop                         ramtop       000E00
__Hrbit                           rbit         000000
__Hrbss                           rbss         000000
__Hrdata                          rdata        000000
__Hreset_vec                      reset_vec    000000
__Hrparam                         rparam       000000
__Hsfr                            sfr          000000
__Hsmallconst                     smallconst   000000
__Hspace_0                        (abs)        020000
__Hspace_1                        (abs)        000002
__Hspace_2                        (abs)        000000
__Hspace_4                        (abs)        60000C
__Hstack                          stack        000000
__Hstruct                         struct       000000
__Htemp                           temp         000000
__Htext                           text         000000
__Htext0                          text0        000000
__Htext1                          text1        000000
__Htext2                          text2        000000
__Htext3                          text3        000000
__Htext4                          text4        000000
__Htext5                          text5        000000
__Htext6                          text6        000000
__Htext7                          text7        000000
__Htext8                          text8        000000
__LRAM                            (abs)        000001
__Labs1                           abs1         000000
__Lbank0                          bank0        000000
__Lbank1                          bank1        000000
__Lbank10                         bank10       000000
__Lbank11                         bank11       000000
__Lbank12                         bank12       000000
__Lbank13                         bank13       000000
__Lbank2                          bank2        000000
__Lbank3                          bank3        000000
__Lbank4                          bank4        000000
__Lbank5                          bank5        000000
__Lbank6                          bank6        000000
__Lbank7                          bank7        000000
__Lbank8                          bank8        000000
__Lbank9                          bank9        000000
__Lbigbss                         bigbss       000000
__Lbigdata                        bigdata      000000
__Lbigram                         bigram       000000
__Lbss                            bss          000000
__Lcinit                          cinit        000000
__Lclrtext                        clrtext      000000
__Lcomram                         comram       000000
__Lconfig                         config       000000
__Lconst                          const        000000
__LcstackCOMRAM                   cstackCOMRAM 000000
__Ldata                           data         000000
__Leeprom_data                    eeprom_data  000000
__Lfarbss                         farbss       000000
__Lfardata                        fardata      000000
__Libigdata                       ibigdata     000000
__Lidata                          idata        000000
__Lidloc                          idloc        000000
__Lifardata                       ifardata     000000
__Linit                           init         000000
__Lintcode                        intcode      000000
__Lintcode_body                   intcode_body 000000
__Lintcodelo                      intcodelo    000000
__Lintentry                       intentry     000000
__Lintret                         intret       000000
__Lintsave_regs                   intsave_regs 000000
__Lirdata                         irdata       000000
__Lmediumconst                    mediumconst  000000
__LnvFARRAM                       nvFARRAM     000000
__Lnvbit                          nvbit        000000
__Lnvrram                         nvrram       000000
__Lparam                          rparam       000000
__Lpowerup                        powerup      000000
__Lram                            ram          000000
__Lramtop                         ramtop       000E00
__Lrbit                           rbit         000000
__Lrbss                           rbss         000000
__Lrdata                          rdata        000000
__Lreset_vec                      reset_vec    000000
__Lrparam                         rparam       000000
__Lsfr                            sfr          000000
__Lsmallconst                     smallconst   000000
__Lspace_0                        (abs)        000000
__Lspace_1                        (abs)        000000
__Lspace_2                        (abs)        000000
__Lspace_4                        (abs)        000000
__Lstack                          stack        000000
__Lstruct                         struct       000000
__Ltemp                           temp         000000
__Ltext                           text         000000
__Ltext0                          text0        000000
__Ltext1                          text1        000000
__Ltext2                          text2        000000
__Ltext3                          text3        000000
__Ltext4                          text4        000000
__Ltext5                          text5        000000
__Ltext6                          text6        000000
__Ltext7                          text7        000000
__Ltext8                          text8        000000
__S0                              (abs)        020000
__S1                              (abs)        000002
__S2                              (abs)        000000
__S4                              (abs)        000000
__S5                              (abs)        000000
___inthi_sp                       stack        000000
___intlo_sp                       stack        000000
___param_bank                     (abs)        000000
___rparam_used                    (abs)        000001
___sp                             stack        000000
__accesstop                       (abs)        000060
__activetblptr                    (abs)        000000
__end_of_OSCILLATOR_Initialize    text8        01FEEE
__end_of_PIN_MANAGER_Initialize   text7        020000
__end_of_PMD_Initialize           text6        01FF0A
__end_of_SYSTEM_Initialize        text4        01FEAA
__end_of_TMR0_HasOverflowOccured  text3        01FED6
__end_of_TMR0_Initialize          text5        01FEC0
__end_of_TMR0_StartTimer          text2        01FE8E
__end_of_TMR0_StopTimer           text1        01FE92
__end_of__initialization          cinit        01FE92
__end_of_main                     text0        01FF58
__initialization                  cinit        01FE92
__mediumconst                     mediumconst  000000
__pcinit                          cinit        01FE92
__pcstackCOMRAM                   cstackCOMRAM 000001
__ptext0                          text0        01FF0A
__ptext1                          text1        01FE8E
__ptext2                          text2        01FE8A
__ptext3                          text3        01FEC0
__ptext4                          text4        01FE98
__ptext5                          text5        01FEAA
__ptext6                          text6        01FEEE
__ptext7                          text7        01FF58
__ptext8                          text8        01FED6
__ramtop                          ramtop       000E00
__size_of_OSCILLATOR_Initialize   (abs)        000000
__size_of_PIN_MANAGER_Initialize  (abs)        000000
__size_of_PMD_Initialize          (abs)        000000
__size_of_SYSTEM_Initialize       (abs)        000000
__size_of_TMR0_HasOverflowOccured (abs)        000000
__size_of_TMR0_Initialize         (abs)        000000
__size_of_TMR0_StartTimer         (abs)        000000
__size_of_TMR0_StopTimer          (abs)        000000
__size_of_main                    (abs)        000000
__smallconst                      smallconst   000000
_main                             text0        01FF0A
end_of_initialization             cinit        01FE92
intlevel0                         text         000000
intlevel1                         text         000000
intlevel2                         text         000000
intlevel3                         text         000000
stackhi                           (abs)        000DE9
stacklo                           (abs)        000060
start                             init         000000
start_initialization              cinit        01FE92


FUNCTION INFORMATION:

 *************** function _main *****************
 Defined at:
		line 6 in file "main.c"
 Parameters:    Size  Location     Type
		None
 Auto vars:     Size  Location     Type
		None
 Return value:  Size  Location     Type
                  1    wreg      void 
 Registers used:
		wreg, status,2, status,0, cstack
 Tracked objects:
		On entry : 
		On exit  : 
		Unchanged: 
 Data sizes:     COMRAM   BANK0   BANK1   BANK2   BANK3   BANK4   BANK5   BANK6   BANK7   BANK8   BANK9  BANK10  BANK11  BANK12  BANK13
      Params:         0       0       0       0       0       0       0       0       0       0       0       0       0       0       0
      Locals:         0       0       0       0       0       0       0       0       0       0       0       0       0       0       0
      Temps:          1       0       0       0       0       0       0       0       0       0       0       0       0       0       0
      Totals:         1       0       0       0       0       0       0       0       0       0       0       0       0       0       0
Total ram usage:        1 bytes
 Hardware stack levels required when called:    2
 This function calls:
		_SYSTEM_Initialize
		_TMR0_HasOverflowOccured
		_TMR0_StartTimer
		_TMR0_StopTimer
 This function is called by:
		Startup code after reset
 This function uses a non-reentrant model


 *************** function _TMR0_StopTimer *****************
 Defined at:
		line 86 in file "mcc_generated_files/tmr0.c"
 Parameters:    Size  Location     Type
		None
 Auto vars:     Size  Location     Type
		None
 Return value:  Size  Location     Type
                  1    wreg      void 
 Registers used:
		None
 Tracked objects:
		On entry : 
		On exit  : 
		Unchanged: 
 Data sizes:     COMRAM   BANK0   BANK1   BANK2   BANK3   BANK4   BANK5   BANK6   BANK7   BANK8   BANK9  BANK10  BANK11  BANK12  BANK13
      Params:         0       0       0       0       0       0       0       0       0       0       0       0       0       0       0
      Locals:         0       0       0       0       0       0       0       0       0       0       0       0       0       0       0
      Temps:          0       0       0       0       0       0       0       0       0       0       0       0       0       0       0
      Totals:         0       0       0       0       0       0       0       0       0       0       0       0       0       0       0
Total ram usage:        0 bytes
 Hardware stack levels used:    1
 This function calls:
		Nothing
 This function is called by:
		_main
 This function uses a non-reentrant model


 *************** function _TMR0_StartTimer *****************
 Defined at:
		line 80 in file "mcc_generated_files/tmr0.c"
 Parameters:    Size  Location     Type
		None
 Auto vars:     Size  Location     Type
		None
 Return value:  Size  Location     Type
                  1    wreg      void 
 Registers used:
		None
 Tracked objects:
		On entry : 
		On exit  : 
		Unchanged: 
 Data sizes:     COMRAM   BANK0   BANK1   BANK2   BANK3   BANK4   BANK5   BANK6   BANK7   BANK8   BANK9  BANK10  BANK11  BANK12  BANK13
      Params:         0       0       0       0       0       0       0       0       0       0       0       0       0       0       0
      Locals:         0       0       0       0       0       0       0       0       0       0       0       0       0       0       0
      Temps:          0       0       0       0       0       0       0       0       0       0       0       0       0       0       0
      Totals:         0       0       0       0       0       0       0       0       0       0       0       0       0       0       0
Total ram usage:        0 bytes
 Hardware stack levels used:    1
 This function calls:
		Nothing
 This function is called by:
		_main
 This function uses a non-reentrant model


 *************** function _TMR0_HasOverflowOccured *****************
 Defined at:
		line 114 in file "mcc_generated_files/tmr0.c"
 Parameters:    Size  Location     Type
		None
 Auto vars:     Size  Location     Type
		None
 Return value:  Size  Location     Type
                  1    wreg      _Bool 
 Registers used:
		wreg
 Tracked objects:
		On entry : 
		On exit  : 
		Unchanged: 
 Data sizes:     COMRAM   BANK0   BANK1   BANK2   BANK3   BANK4   BANK5   BANK6   BANK7   BANK8   BANK9  BANK10  BANK11  BANK12  BANK13
      Params:         0       0       0       0       0       0       0       0       0       0       0       0       0       0       0
      Locals:         0       0       0       0       0       0       0       0       0       0       0       0       0       0       0
      Temps:          0       0       0       0       0       0       0       0       0       0       0       0       0       0       0
      Totals:         0       0       0       0       0       0       0       0       0       0       0       0       0       0       0
Total ram usage:        0 bytes
 Hardware stack levels used:    1
 This function calls:
		Nothing
 This function is called by:
		_main
 This function uses a non-reentrant model


 *************** function _SYSTEM_Initialize *****************
 Defined at:
		line 50 in file "mcc_generated_files/mcc.c"
 Parameters:    Size  Location     Type
		None
 Auto vars:     Size  Location     Type
		None
 Return value:  Size  Location     Type
                  1    wreg      void 
 Registers used:
		wreg, status,2, cstack
 Tracked objects:
		On entry : 
		On exit  : 
		Unchanged: 
 Data sizes:     COMRAM   BANK0   BANK1   BANK2   BANK3   BANK4   BANK5   BANK6   BANK7   BANK8   BANK9  BANK10  BANK11  BANK12  BANK13
      Params:         0       0       0       0       0       0       0       0       0       0       0       0       0       0       0
      Locals:         0       0       0       0       0       0       0       0       0       0       0       0       0       0       0
      Temps:          0       0       0       0       0       0       0       0       0       0       0       0       0       0       0
      Totals:         0       0       0       0       0       0       0       0       0       0       0       0       0       0       0
Total ram usage:        0 bytes
 Hardware stack levels used:    1
 Hardware stack levels required when called:    1
 This function calls:
		_OSCILLATOR_Initialize
		_PIN_MANAGER_Initialize
		_PMD_Initialize
		_TMR0_Initialize
 This function is called by:
		_main
 This function uses a non-reentrant model


 *************** function _TMR0_Initialize *****************
 Defined at:
		line 60 in file "mcc_generated_files/tmr0.c"
 Parameters:    Size  Location     Type
		None
 Auto vars:     Size  Location     Type
		None
 Return value:  Size  Location     Type
                  1    wreg      void 
 Registers used:
		wreg, status,2
 Tracked objects:
		On entry : 
		On exit  : 
		Unchanged: 
 Data sizes:     COMRAM   BANK0   BANK1   BANK2   BANK3   BANK4   BANK5   BANK6   BANK7   BANK8   BANK9  BANK10  BANK11  BANK12  BANK13
      Params:         0       0       0       0       0       0       0       0       0       0       0       0       0       0       0
      Locals:         0       0       0       0       0       0       0       0       0       0       0       0       0       0       0
      Temps:          0       0       0       0       0       0       0       0       0       0       0       0       0       0       0
      Totals:         0       0       0       0       0       0       0       0       0       0       0       0       0       0       0
Total ram usage:        0 bytes
 Hardware stack levels used:    1
 This function calls:
		Nothing
 This function is called by:
		_SYSTEM_Initialize
 This function uses a non-reentrant model


 *************** function _PMD_Initialize *****************
 Defined at:
		line 72 in file "mcc_generated_files/mcc.c"
 Parameters:    Size  Location     Type
		None
 Auto vars:     Size  Location     Type
		None
 Return value:  Size  Location     Type
                  1    wreg      void 
 Registers used:
		wreg, status,2
 Tracked objects:
		On entry : 
		On exit  : 
		Unchanged: 
 Data sizes:     COMRAM   BANK0   BANK1   BANK2   BANK3   BANK4   BANK5   BANK6   BANK7   BANK8   BANK9  BANK10  BANK11  BANK12  BANK13
      Params:         0       0       0       0       0       0       0       0       0       0       0       0       0       0       0
      Locals:         0       0       0       0       0       0       0       0       0       0       0       0       0       0       0
      Temps:          0       0       0       0       0       0       0       0       0       0       0       0       0       0       0
      Totals:         0       0       0       0       0       0       0       0       0       0       0       0       0       0       0
Total ram usage:        0 bytes
 Hardware stack levels used:    1
 This function calls:
		Nothing
 This function is called by:
		_SYSTEM_Initialize
 This function uses a non-reentrant model


 *************** function _PIN_MANAGER_Initialize *****************
 Defined at:
		line 55 in file "mcc_generated_files/pin_manager.c"
 Parameters:    Size  Location     Type
		None
 Auto vars:     Size  Location     Type
		None
 Return value:  Size  Location     Type
                  1    wreg      void 
 Registers used:
		wreg, status,2
 Tracked objects:
		On entry : 
		On exit  : 
		Unchanged: 
 Data sizes:     COMRAM   BANK0   BANK1   BANK2   BANK3   BANK4   BANK5   BANK6   BANK7   BANK8   BANK9  BANK10  BANK11  BANK12  BANK13
      Params:         0       0       0       0       0       0       0       0       0       0       0       0       0       0       0
      Locals:         0       0       0       0       0       0       0       0       0       0       0       0       0       0       0
      Temps:          0       0       0       0       0       0       0       0       0       0       0       0       0       0       0
      Totals:         0       0       0       0       0       0       0       0       0       0       0       0       0       0       0
Total ram usage:        0 bytes
 Hardware stack levels used:    1
 This function calls:
		Nothing
 This function is called by:
		_SYSTEM_Initialize
 This function uses a non-reentrant model


 *************** function _OSCILLATOR_Initialize *****************
 Defined at:
		line 58 in file "mcc_generated_files/mcc.c"
 Parameters:    Size  Location     Type
		None
 Auto vars:     Size  Location     Type
		None
 Return value:  Size  Location     Type
                  1    wreg      void 
 Registers used:
		wreg, status,2
 Tracked objects:
		On entry : 
		On exit  : 
		Unchanged: 
 Data sizes:     COMRAM   BANK0   BANK1   BANK2   BANK3   BANK4   BANK5   BANK6   BANK7   BANK8   BANK9  BANK10  BANK11  BANK12  BANK13
      Params:         0       0       0       0       0       0       0       0       0       0       0       0       0       0       0
      Locals:         0       0       0       0       0       0       0       0       0       0       0       0       0       0       0
      Temps:          0       0       0       0       0       0       0       0       0       0       0       0       0       0       0
      Totals:         0       0       0       0       0       0       0       0       0       0       0       0       0       0       0
Total ram usage:        0 bytes
 Hardware stack levels used:    1
 This function calls:
		Nothing
 This function is called by:
		_SYSTEM_Initialize
 This function uses a non-reentrant model



MODULE INFORMATION

Module		Function		Class		Link	Load	Size
mcc_generated_files/tmr0.c
		_TMR0_StopTimer		CODE           	1FE8E	0000	4
		_TMR0_StartTimer		CODE           	1FE8A	0000	4
		_TMR0_HasOverflowOccured		CODE           	1FEC0	0000	22
		_TMR0_Initialize		CODE           	1FEAA	0000	22

mcc_generated_files/tmr0.c estimated size: 52

mcc_generated_files/pin_manager.c
		_PIN_MANAGER_Initialize		CODE           	1FF58	0000	168

mcc_generated_files/pin_manager.c estimated size: 168

shared
		__initialization		CODE           	1FE92	0000	1

shared estimated size: 1

mcc_generated_files/mcc.c
		_PMD_Initialize		CODE           	1FEEE	0000	28
		_OSCILLATOR_Initialize		CODE           	1FED6	0000	24
		_SYSTEM_Initialize		CODE           	1FE98	0000	18

mcc_generated_files/mcc.c estimated size: 70

main.c
		_main          		CODE           	1FF0A	0000	78

main.c estimated size: 78

